Component: ARM Compiler 5.06 update 5 (build 528) Tool: armlink [4d35e2]

==============================================================================

Section Cross References

    main.o(i.SysTick_Handler) refers to stm32f10x_gpio.o(i.GPIO_SetBits) for GPIO_SetBits
    main.o(i.SysTick_Handler) refers to stm32f10x_iwdg.o(i.IWDG_ReloadCounter) for IWDG_ReloadCounter
    main.o(i.SysTick_Handler) refers to stm32f10x_gpio.o(i.GPIO_ResetBits) for GPIO_ResetBits
    main.o(i.SysTick_Handler) refers to main.o(.data) for FeedTime
    main.o(i.main) refers to misc.o(i.NVIC_PriorityGroupConfig) for NVIC_PriorityGroupConfig
    main.o(i.main) refers to zhiwen.o(i.Usart_Init) for Usart_Init
    main.o(i.main) refers to watchdog.o(i.Watch_Dog_Config) for Watch_Dog_Config
    main.o(i.main) refers to zhiwen.o(i.Usart2_SendString) for Usart2_SendString
    main.o(i.main) refers to led.o(i.LED_GPIO_Configuration) for LED_GPIO_Configuration
    main.o(i.main) refers to door.o(i.Door_GPIO_Configuration) for Door_GPIO_Configuration
    main.o(i.main) refers to beep.o(i.BEEP_GPIO_Configuration) for BEEP_GPIO_Configuration
    main.o(i.main) refers to zhiwen.o(i.StringCompare) for StringCompare
    main.o(i.main) refers to zhiwen.o(i.Enter_FingerPrint) for Enter_FingerPrint
    main.o(i.main) refers to zhiwen.o(i.ClearAll_Finger) for ClearAll_Finger
    main.o(i.main) refers to zhiwen.o(i.Check_PassWord) for Check_PassWord
    main.o(i.main) refers to main.o(i.mi) for mi
    main.o(i.main) refers to zhiwen.o(i.Delete_One_Finger) for Delete_One_Finger
    main.o(i.main) refers to zhiwen.o(i.ClearAll) for ClearAll
    main.o(i.main) refers to zhiwen.o(i.Match_Finger) for Match_Finger
    main.o(i.main) refers to main.o(.data) for Chongqi
    main.o(i.main) refers to zhiwen.o(.data) for Computure_Flag
    main.o(i.main) refers to zhiwen.o(.bss) for ComputureCommand
    zhiwen.o(i.Change_PageID) refers to zhiwen.o(i.Usart2_SendString) for Usart2_SendString
    zhiwen.o(i.Change_PageID) refers to atoi.o(.text) for atoi
    zhiwen.o(i.Change_PageID) refers to zhiwen.o(.data) for Length2
    zhiwen.o(i.Change_PageID) refers to zhiwen.o(.bss) for ComputureCommand
    zhiwen.o(i.Check_PassWord) refers to zhiwen.o(i.Usart_SendString) for Usart_SendString
    zhiwen.o(i.Check_PassWord) refers to zhiwen.o(i.Delay) for Delay
    zhiwen.o(i.Check_PassWord) refers to zhiwen.o(i.Usart2_SendString) for Usart2_SendString
    zhiwen.o(i.Check_PassWord) refers to zhiwen.o(.data) for GR_Chek
    zhiwen.o(i.Check_PassWord) refers to zhiwen.o(.bss) for Receive
    zhiwen.o(i.ClearAll_Finger) refers to zhiwen.o(i.Usart_SendString) for Usart_SendString
    zhiwen.o(i.ClearAll_Finger) refers to zhiwen.o(i.Delay) for Delay
    zhiwen.o(i.ClearAll_Finger) refers to zhiwen.o(i.Usart2_SendString) for Usart2_SendString
    zhiwen.o(i.ClearAll_Finger) refers to zhiwen.o(.data) for GR_Delet_All_Model
    zhiwen.o(i.ClearAll_Finger) refers to zhiwen.o(.bss) for Receive
    zhiwen.o(i.Delete_One_Finger) refers to zhiwen.o(i.GR_Delet_Finger_Weizhi) for GR_Delet_Finger_Weizhi
    zhiwen.o(i.Delete_One_Finger) refers to zhiwen.o(i.Usart_SendString) for Usart_SendString
    zhiwen.o(i.Delete_One_Finger) refers to zhiwen.o(i.Delay) for Delay
    zhiwen.o(i.Delete_One_Finger) refers to zhiwen.o(i.Usart2_SendString) for Usart2_SendString
    zhiwen.o(i.Delete_One_Finger) refers to zhiwen.o(.data) for GR_Delete_Model
    zhiwen.o(i.Delete_One_Finger) refers to zhiwen.o(.bss) for Receive
    zhiwen.o(i.Enter_FingerPrint) refers to zhiwen.o(i.Usart2_SendString) for Usart2_SendString
    zhiwen.o(i.Enter_FingerPrint) refers to zhiwen.o(i.Change_PageID) for Change_PageID
    zhiwen.o(i.Enter_FingerPrint) refers to zhiwen.o(i.Usart_SendString) for Usart_SendString
    zhiwen.o(i.Enter_FingerPrint) refers to zhiwen.o(i.Delay) for Delay
    zhiwen.o(i.Enter_FingerPrint) refers to zhiwen.o(i.StringCompare) for StringCompare
    zhiwen.o(i.Enter_FingerPrint) refers to zhiwen.o(i.GR_Save_Finger_Weizhi) for GR_Save_Finger_Weizhi
    zhiwen.o(i.Enter_FingerPrint) refers to zhiwen.o(.data) for Computure_Flag
    zhiwen.o(i.Enter_FingerPrint) refers to zhiwen.o(.bss) for Receive
    zhiwen.o(i.GR_Delet_Finger_Weizhi) refers to zhiwen.o(.data) for GR_Delete_Model
    zhiwen.o(i.GR_Save_Finger_Weizhi) refers to zhiwen.o(.data) for GR_Save_Finger
    zhiwen.o(i.Match_Finger) refers to zhiwen.o(i.Usart_SendString) for Usart_SendString
    zhiwen.o(i.Match_Finger) refers to zhiwen.o(i.Delay) for Delay
    zhiwen.o(i.Match_Finger) refers to zhiwen.o(i.StringCompare) for StringCompare
    zhiwen.o(i.Match_Finger) refers to stm32f10x_gpio.o(i.GPIO_ResetBits) for GPIO_ResetBits
    zhiwen.o(i.Match_Finger) refers to stm32f10x_gpio.o(i.GPIO_SetBits) for GPIO_SetBits
    zhiwen.o(i.Match_Finger) refers to zhiwen.o(i.Usart2_SendString) for Usart2_SendString
    zhiwen.o(i.Match_Finger) refers to zhiwen.o(.data) for GR_Get_Img
[...]
    Removing stm32f10x_gpio.o(i.GPIO_EXTILineConfig), (64 bytes).
    Removing stm32f10x_gpio.o(i.GPIO_EventOutputCmd), (12 bytes).
    Removing stm32f10x_gpio.o(i.GPIO_EventOutputConfig), (32 bytes).
    Removing stm32f10x_gpio.o(i.GPIO_PinLockConfig), (18 bytes).
    Removing stm32f10x_gpio.o(i.GPIO_PinRemapConfig), (144 bytes).
    Removing stm32f10x_gpio.o(i.GPIO_ReadInputData), (8 bytes).
    Removing stm32f10x_gpio.o(i.GPIO_ReadInputDataBit), (18 bytes).
    Removing stm32f10x_gpio.o(i.GPIO_ReadOutputData), (8 bytes).
    Removing stm32f10x_gpio.o(i.GPIO_ReadOutputDataBit), (18 bytes).
    Removing stm32f10x_gpio.o(i.GPIO_StructInit), (16 bytes).
    Removing stm32f10x_gpio.o(i.GPIO_Write), (4 bytes).
    Removing stm32f10x_gpio.o(i.GPIO_WriteBit), (10 bytes).
    Removing stm32f10x_i2c.o(.rev16_text), (4 bytes).
    Removing stm32f10x_i2c.o(.revsh_text), (4 bytes).
    Removing stm32f10x_i2c.o(.rrx_text), (6 bytes).
    Removing stm32f10x_i2c.o(i.I2C_ARPCmd), (24 bytes).
    Removing stm32f10x_i2c.o(i.I2C_AcknowledgeConfig), (24 bytes).
    Removing stm32f10x_i2c.o(i.I2C_CalculatePEC), (24 bytes).
    Removing stm32f10x_i2c.o(i.I2C_CheckEvent), (42 bytes).
    Removing stm32f10x_i2c.o(i.I2C_ClearFlag), (12 bytes).
    Removing stm32f10x_i2c.o(i.I2C_ClearITPendingBit), (12 bytes).
    Removing stm32f10x_i2c.o(i.I2C_Cmd), (24 bytes).
    Removing stm32f10x_i2c.o(i.I2C_DMACmd), (24 bytes).
    Removing stm32f10x_i2c.o(i.I2C_DMALastTransferCmd), (24 bytes).
    Removing stm32f10x_i2c.o(i.I2C_DeInit), (56 bytes).
    Removing stm32f10x_i2c.o(i.I2C_DualAddressCmd), (24 bytes).
    Removing stm32f10x_i2c.o(i.I2C_FastModeDutyCycleConfig), (28 bytes).
    Removing stm32f10x_i2c.o(i.I2C_GeneralCallCmd), (24 bytes).
    Removing stm32f10x_i2c.o(i.I2C_GenerateSTART), (24 bytes).
    Removing stm32f10x_i2c.o(i.I2C_GenerateSTOP), (24 bytes).
    Removing stm32f10x_i2c.o(i.I2C_GetFlagStatus), (58 bytes).
    Removing stm32f10x_i2c.o(i.I2C_GetITStatus), (38 bytes).
    Removing stm32f10x_i2c.o(i.I2C_GetLastEvent), (26 bytes).
    Removing stm32f10x_i2c.o(i.I2C_GetPEC), (8 bytes).
    Removing stm32f10x_i2c.o(i.I2C_ITConfig), (18 bytes).
    Removing stm32f10x_i2c.o(i.I2C_Init), (236 bytes).
    Removing stm32f10x_i2c.o(i.I2C_NACKPositionConfig), (28 bytes).
    Removing stm32f10x_i2c.o(i.I2C_OwnAddress2Config), (22 bytes).
    Removing stm32f10x_i2c.o(i.I2C_PECPositionConfig), (28 bytes).
    Removing stm32f10x_i2c.o(i.I2C_ReadRegister), (22 bytes).
    Removing stm32f10x_i2c.o(i.I2C_ReceiveData), (8 bytes).
    Removing stm32f10x_i2c.o(i.I2C_SMBusAlertConfig), (28 bytes).
    Removing stm32f10x_i2c.o(i.I2C_Send7bitAddress), (18 bytes).
    Removing stm32f10x_i2c.o(i.I2C_SendData), (4 bytes).
    Removing stm32f10x_i2c.o(i.I2C_SoftwareResetCmd), (22 bytes).
    Removing stm32f10x_i2c.o(i.I2C_StretchClockCmd), (24 bytes).
    Removing stm32f10x_i2c.o(i.I2C_StructInit), (30 bytes).
    Removing stm32f10x_i2c.o(i.I2C_TransmitPEC), (24 bytes).
    Removing stm32f10x_iwdg.o(.rev16_text), (4 bytes).
    Removing stm32f10x_iwdg.o(.revsh_text), (4 bytes).
    Removing stm32f10x_iwdg.o(.rrx_text), (6 bytes).
    Removing stm32f10x_iwdg.o(i.IWDG_GetFlagStatus), (24 bytes).
    Removing stm32f10x_pwr.o(.rev16_text), (4 bytes).
    Removing stm32f10x_pwr.o(.revsh_text), (4 bytes).
    Removing stm32f10x_pwr.o(.rrx_text), (6 bytes).
    Removing stm32f10x_pwr.o(i.PWR_BackupAccessCmd), (12 bytes).
    Removing stm32f10x_pwr.o(i.PWR_ClearFlag), (20 bytes).
    Removing stm32f10x_pwr.o(i.PWR_DeInit), (22 bytes).
    Removing stm32f10x_pwr.o(i.PWR_EnterSTANDBYMode), (52 bytes).
    Removing stm32f10x_pwr.o(i.PWR_EnterSTOPMode), (64 bytes).
    Removing stm32f10x_pwr.o(i.PWR_GetFlagStatus), (24 bytes).
    Removing stm32f10x_pwr.o(i.PWR_PVDCmd), (12 bytes).
    Removing stm32f10x_pwr.o(i.PWR_PVDLevelConfig), (24 bytes).
    Removing stm32f10x_pwr.o(i.PWR_WakeUpPinCmd), (12 bytes).
    Removing stm32f10x_rcc.o(.rev16_text), (4 bytes).
    Removing stm32f10x_rcc.o(.revsh_text), (4 bytes).
    Removing stm32f10x_rcc.o(.rrx_text), (6 bytes).
    Removing stm32f10x_rcc.o(i.RCC_ADCCLKConfig), (24 bytes).
    Removing stm32f10x_rcc.o(i.RCC_AHBPeriphClockCmd), (32 bytes).
    Removing stm32f10x_rcc.o(i.RCC_APB1PeriphResetCmd), (32 bytes).
    Removing stm32f10x_rcc.o(i.RCC_APB2PeriphResetCmd), (32 bytes).
    Removing stm32f10x_rcc.o(i.RCC_AdjustHSICalibrationValue), (24 bytes).
    Removing stm32f10x_rcc.o(i.RCC_BackupResetCmd), (12 bytes).
    Removing stm32f10x_rcc.o(i.RCC_ClearFlag), (20 bytes).
    Removing stm32f10x_rcc.o(i.RCC_ClearITPendingBit), (12 bytes).
    Removing stm32f10x_rcc.o(i.RCC_ClockSecuritySystemCmd), (12 bytes).
    Removing stm32f10x_rcc.o(i.RCC_DeInit), (76 bytes).
    Removing stm32f10x_rcc.o(i.RCC_GetFlagStatus), (60 bytes).
    Removing stm32f10x_rcc.o(i.RCC_GetITStatus), (24 bytes).
    Removing stm32f10x_rcc.o(i.RCC_GetSYSCLKSource), (16 bytes).
    Removing stm32f10x_rcc.o(i.RCC_HCLKConfig), (24 bytes).
    Removing stm32f10x_rcc.o(i.RCC_HSEConfig), (76 bytes).
    Removing stm32f10x_rcc.o(i.RCC_HSICmd), (12 bytes).
    Removing stm32f10x_rcc.o(i.RCC_ITConfig), (32 bytes).
    Removing stm32f10x_rcc.o(i.RCC_LSEConfig), (52 bytes).
    Removing stm32f10x_rcc.o(i.RCC_LSICmd), (12 bytes).
    Removing stm32f10x_rcc.o(i.RCC_MCOConfig), (12 bytes).
    Removing stm32f10x_rcc.o(i.RCC_PCLK1Config), (24 bytes).
    Removing stm32f10x_rcc.o(i.RCC_PCLK2Config), (24 bytes).
    Removing stm32f10x_rcc.o(i.RCC_PLLCmd), (12 bytes).
    Removing stm32f10x_rcc.o(i.RCC_PLLConfig), (28 bytes).
    Removing stm32f10x_rcc.o(i.RCC_RTCCLKCmd), (12 bytes).
    Removing stm32f10x_rcc.o(i.RCC_RTCCLKConfig), (16 bytes).
    Removing stm32f10x_rcc.o(i.RCC_SYSCLKConfig), (24 bytes).
    Removing stm32f10x_rcc.o(i.RCC_USBCLKConfig), (12 bytes).
    Removing stm32f10x_rcc.o(i.RCC_WaitForHSEStartUp), (56 bytes).
    Removing stm32f10x_spi.o(.rev16_text), (4 bytes).
    Removing stm32f10x_spi.o(.revsh_text), (4 bytes).
    Removing stm32f10x_spi.o(.rrx_text), (6 bytes).
    Removing stm32f10x_spi.o(i.I2S_Cmd), (24 bytes).
    Removing stm32f10x_spi.o(i.I2S_Init), (232 bytes).
    Removing stm32f10x_spi.o(i.I2S_StructInit), (20 bytes).
    Removing stm32f10x_spi.o(i.SPI_BiDirectionalLineConfig), (28 bytes).
    Removing stm32f10x_spi.o(i.SPI_CalculateCRC), (24 bytes).
    Removing stm32f10x_spi.o(i.SPI_Cmd), (24 bytes).
    Removing stm32f10x_spi.o(i.SPI_DataSizeConfig), (18 bytes).
    Removing stm32f10x_spi.o(i.SPI_GetCRC), (16 bytes).
    Removing stm32f10x_spi.o(i.SPI_GetCRCPolynomial), (6 bytes).
    Removing stm32f10x_spi.o(i.SPI_I2S_ClearFlag), (6 bytes).
    Removing stm32f10x_spi.o(i.SPI_I2S_ClearITPendingBit), (20 bytes).
    Removing stm32f10x_spi.o(i.SPI_I2S_DMACmd), (18 bytes).
    Removing stm32f10x_spi.o(i.SPI_I2S_DeInit), (88 bytes).
    Removing stm32f10x_spi.o(i.SPI_I2S_GetFlagStatus), (18 bytes).
    Removing stm32f10x_spi.o(i.SPI_I2S_GetITStatus), (52 bytes).
    Removing stm32f10x_spi.o(i.SPI_I2S_ITConfig), (32 bytes).
    Removing stm32f10x_spi.o(i.SPI_I2S_ReceiveData), (6 bytes).
    Removing stm32f10x_spi.o(i.SPI_I2S_SendData), (4 bytes).
    Removing stm32f10x_spi.o(i.SPI_Init), (60 bytes).
    Removing stm32f10x_spi.o(i.SPI_NSSInternalSoftwareConfig), (30 bytes).
    Removing stm32f10x_spi.o(i.SPI_SSOutputCmd), (24 bytes).
    Removing stm32f10x_spi.o(i.SPI_StructInit), (24 bytes).
    Removing stm32f10x_spi.o(i.SPI_TransmitCRC), (10 bytes).
    Removing stm32f10x_tim.o(.rev16_text), (4 bytes).
    Removing stm32f10x_tim.o(.revsh_text), (4 bytes).
    Removing stm32f10x_tim.o(.rrx_text), (6 bytes).
    Removing stm32f10x_tim.o(i.TI1_Config), (128 bytes).
    Removing stm32f10x_tim.o(i.TI2_Config), (152 bytes).
    Removing stm32f10x_tim.o(i.TI3_Config), (144 bytes).
    Removing stm32f10x_tim.o(i.TI4_Config), (152 bytes).
    Removing stm32f10x_tim.o(i.TIM_ARRPreloadConfig), (24 bytes).
    Removing stm32f10x_tim.o(i.TIM_BDTRConfig), (32 bytes).
    Removing stm32f10x_tim.o(i.TIM_BDTRStructInit), (18 bytes).
    Removing stm32f10x_tim.o(i.TIM_CCPreloadControl), (24 bytes).
    Removing stm32f10x_tim.o(i.TIM_CCxCmd), (30 bytes).
    Removing stm32f10x_tim.o(i.TIM_CCxNCmd), (30 bytes).
    Removing stm32f10x_tim.o(i.TIM_ClearFlag), (6 bytes).
    Removing stm32f10x_tim.o(i.TIM_ClearITPendingBit), (6 bytes).
    Removing stm32f10x_tim.o(i.TIM_ClearOC1Ref), (18 bytes).
    Removing stm32f10x_tim.o(i.TIM_ClearOC2Ref), (24 bytes).
    Removing stm32f10x_tim.o(i.TIM_ClearOC3Ref), (18 bytes).
    Removing stm32f10x_tim.o(i.TIM_ClearOC4Ref), (24 bytes).
    Removing stm32f10x_tim.o(i.TIM_Cmd), (24 bytes).
    Removing stm32f10x_tim.o(i.TIM_CounterModeConfig), (18 bytes).
    Removing stm32f10x_tim.o(i.TIM_CtrlPWMOutputs), (30 bytes).
    Removing stm32f10x_tim.o(i.TIM_DMACmd), (18 bytes).
    Removing stm32f10x_tim.o(i.TIM_DMAConfig), (10 bytes).
    Removing stm32f10x_tim.o(i.TIM_DeInit), (488 bytes).
    Removing stm32f10x_tim.o(i.TIM_ETRClockMode1Config), (54 bytes).
    Removing stm32f10x_tim.o(i.TIM_ETRClockMode2Config), (32 bytes).
    Removing stm32f10x_tim.o(i.TIM_ETRConfig), (28 bytes).
    Removing stm32f10x_tim.o(i.TIM_EncoderInterfaceConfig), (66 bytes).
    Removing stm32f10x_tim.o(i.TIM_ForcedOC1Config), (18 bytes).
    Removing stm32f10x_tim.o(i.TIM_ForcedOC2Config), (26 bytes).
    Removing stm32f10x_tim.o(i.TIM_ForcedOC3Config), (18 bytes).
    Removing stm32f10x_tim.o(i.TIM_ForcedOC4Config), (26 bytes).
    Removing stm32f10x_tim.o(i.TIM_GenerateEvent), (4 bytes).
    Removing stm32f10x_tim.o(i.TIM_GetCapture1), (6 bytes).
    Removing stm32f10x_tim.o(i.TIM_GetCapture2), (6 bytes).
    Removing stm32f10x_tim.o(i.TIM_GetCapture3), (6 bytes).
    Removing stm32f10x_tim.o(i.TIM_GetCapture4), (8 bytes).
    Removing stm32f10x_tim.o(i.TIM_GetCounter), (6 bytes).
    Removing stm32f10x_tim.o(i.TIM_GetFlagStatus), (18 bytes).
    Removing stm32f10x_tim.o(i.TIM_GetITStatus), (34 bytes).
    Removing stm32f10x_tim.o(i.TIM_GetPrescaler), (6 bytes).
    Removing stm32f10x_tim.o(i.TIM_ICInit), (172 bytes).
    Removing stm32f10x_tim.o(i.TIM_ICStructInit), (18 bytes).
    Removing stm32f10x_tim.o(i.TIM_ITConfig), (18 bytes).
    Removing stm32f10x_tim.o(i.TIM_ITRxExternalClockConfig), (24 bytes).
    Removing stm32f10x_tim.o(i.TIM_InternalClockConfig), (12 bytes).
    Removing stm32f10x_tim.o(i.TIM_OC1FastConfig), (18 bytes).
    Removing stm32f10x_tim.o(i.TIM_OC1Init), (152 bytes).
    Removing stm32f10x_tim.o(i.TIM_OC1NPolarityConfig), (18 bytes).
    Removing stm32f10x_tim.o(i.TIM_OC1PolarityConfig), (18 bytes).
    Removing stm32f10x_tim.o(i.TIM_OC1PreloadConfig), (18 bytes).
    Removing stm32f10x_tim.o(i.TIM_OC2FastConfig), (26 bytes).
    Removing stm32f10x_tim.o(i.TIM_OC2Init), (164 bytes).
    Removing stm32f10x_tim.o(i.TIM_OC2NPolarityConfig), (26 bytes).
    Removing stm32f10x_tim.o(i.TIM_OC2PolarityConfig), (26 bytes).
    Removing stm32f10x_tim.o(i.TIM_OC2PreloadConfig), (26 bytes).
    Removing stm32f10x_tim.o(i.TIM_OC3FastConfig), (18 bytes).
    Removing stm32f10x_tim.o(i.TIM_OC3Init), (160 bytes).
    Removing stm32f10x_tim.o(i.TIM_OC3NPolarityConfig), (26 bytes).
    Removing stm32f10x_tim.o(i.TIM_OC3PolarityConfig), (26 bytes).
    Removing stm32f10x_tim.o(i.TIM_OC3PreloadConfig), (18 bytes).
    Removing stm32f10x_tim.o(i.TIM_OC4FastConfig), (26 bytes).
    Removing stm32f10x_tim.o(i.TIM_OC4Init), (124 bytes).
    Removing stm32f10x_tim.o(i.TIM_OC4PolarityConfig), (26 bytes).
    Removing stm32f10x_tim.o(i.TIM_OC4PreloadConfig), (26 bytes).
    Removing stm32f10x_tim.o(i.TIM_OCStructInit), (20 bytes).
    Removing stm32f10x_tim.o(i.TIM_PWMIConfig), (124 bytes).
    Removing stm32f10x_tim.o(i.TIM_PrescalerConfig), (6 bytes).
    Removing stm32f10x_tim.o(i.TIM_SelectCCDMA), (24 bytes).
    Removing stm32f10x_tim.o(i.TIM_SelectCOM), (24 bytes).
    Removing stm32f10x_tim.o(i.TIM_SelectHallSensor), (24 bytes).
    Removing stm32f10x_tim.o(i.TIM_SelectInputTrigger), (18 bytes).
    Removing stm32f10x_tim.o(i.TIM_SelectMasterSlaveMode), (18 bytes).
    Removing stm32f10x_tim.o(i.TIM_SelectOCxM), (82 bytes).
    Removing stm32f10x_tim.o(i.TIM_SelectOnePulseMode), (18 bytes).
    Removing stm32f10x_tim.o(i.TIM_SelectOutputTrigger), (18 bytes).
    Removing stm32f10x_tim.o(i.TIM_SelectSlaveMode), (18 bytes).
    Removing stm32f10x_tim.o(i.TIM_SetAutoreload), (4 bytes).
    Removing stm32f10x_tim.o(i.TIM_SetClockDivision), (18 bytes).
    Removing stm32f10x_tim.o(i.TIM_SetCompare1), (4 bytes).
    Removing stm32f10x_tim.o(i.TIM_SetCompare2), (4 bytes).
    Removing stm32f10x_tim.o(i.TIM_SetCompare3), (4 bytes).
    Removing stm32f10x_tim.o(i.TIM_SetCompare4), (6 bytes).
    Removing stm32f10x_tim.o(i.TIM_SetCounter), (4 bytes).
    Removing stm32f10x_tim.o(i.TIM_SetIC1Prescaler), (18 bytes).
    Removing stm32f10x_tim.o(i.TIM_SetIC2Prescaler), (26 bytes).
    Removing stm32f10x_tim.o(i.TIM_SetIC3Prescaler), (18 bytes).
    Removing stm32f10x_tim.o(i.TIM_SetIC4Prescaler), (26 bytes).
    Removing stm32f10x_tim.o(i.TIM_TIxExternalClockConfig), (62 bytes).
    Removing stm32f10x_tim.o(i.TIM_TimeBaseInit), (164 bytes).
    Removing stm32f10x_tim.o(i.TIM_TimeBaseStructInit), (18 bytes).
    Removing stm32f10x_tim.o(i.TIM_UpdateDisableConfig), (24 bytes).
    Removing stm32f10x_tim.o(i.TIM_UpdateRequestConfig), (24 bytes).
    Removing stm32f10x_usart.o(.rev16_text), (4 bytes).
    Removing stm32f10x_usart.o(.revsh_text), (4 bytes).
    Removing stm32f10x_usart.o(.rrx_text), (6 bytes).
    Removing stm32f10x_usart.o(i.USART_ClearFlag), (18 bytes).
    Removing stm32f10x_usart.o(i.USART_ClockInit), (34 bytes).
    Removing stm32f10x_usart.o(i.USART_ClockStructInit), (12 bytes).
    Removing stm32f10x_usart.o(i.USART_DMACmd), (18 bytes).
    Removing stm32f10x_usart.o(i.USART_DeInit), (156 bytes).
    Removing stm32f10x_usart.o(i.USART_HalfDuplexCmd), (24 bytes).
    Removing stm32f10x_usart.o(i.USART_IrDACmd), (24 bytes).
    Removing stm32f10x_usart.o(i.USART_IrDAConfig), (18 bytes).
    Removing stm32f10x_usart.o(i.USART_LINBreakDetectLengthConfig), (18 bytes).
    Removing stm32f10x_usart.o(i.USART_LINCmd), (24 bytes).
    Removing stm32f10x_usart.o(i.USART_OneBitMethodCmd), (24 bytes).
    Removing stm32f10x_usart.o(i.USART_OverSampling8Cmd), (22 bytes).
    Removing stm32f10x_usart.o(i.USART_ReceiverWakeUpCmd), (24 bytes).
    Removing stm32f10x_usart.o(i.USART_SendBreak), (10 bytes).
    Removing stm32f10x_usart.o(i.USART_SetAddress), (18 bytes).
    Removing stm32f10x_usart.o(i.USART_SetGuardTime), (16 bytes).
    Removing stm32f10x_usart.o(i.USART_SetPrescaler), (16 bytes).
    Removing stm32f10x_usart.o(i.USART_SmartCardCmd), (24 bytes).
    Removing stm32f10x_usart.o(i.USART_SmartCardNACKCmd), (24 bytes).
    Removing stm32f10x_usart.o(i.USART_StructInit), (24 bytes).
    Removing stm32f10x_usart.o(i.USART_WakeUpConfig), (18 bytes).
    Removing stm32f10x_wwdg.o(.rev16_text), (4 bytes).
    Removing stm32f10x_wwdg.o(.revsh_text), (4 bytes).
    Removing stm32f10x_wwdg.o(.rrx_text), (6 bytes).
    Removing stm32f10x_wwdg.o(i.WWDG_ClearFlag), (12 bytes).
    Removing stm32f10x_wwdg.o(i.WWDG_DeInit), (22 bytes).
    Removing stm32f10x_wwdg.o(i.WWDG_Enable), (16 bytes).
    Removing stm32f10x_wwdg.o(i.WWDG_EnableIT), (12 bytes).
    Removing stm32f10x_wwdg.o(i.WWDG_GetFlagStatus), (12 bytes).
    Removing stm32f10x_wwdg.o(i.WWDG_SetCounter), (16 bytes).
    Removing stm32f10x_wwdg.o(i.WWDG_SetPrescaler), (24 bytes).
    Removing stm32f10x_wwdg.o(i.WWDG_SetWindowValue), (40 bytes).
    Removing dma_stm32f10x.o(.rev16_text), (4 bytes).
    Removing dma_stm32f10x.o(.revsh_text), (4 bytes).
    Removing dma_stm32f10x.o(.rrx_text), (6 bytes).
    Removing dma_stm32f10x.o(i.DMA_ChannelInitialize), (256 bytes).
    Removing dma_stm32f10x.o(i.DMA_ChannelUninitialize), (188 bytes).
    Removing dma_stm32f10x.o(i.__NVIC_ClearPendingIRQ), (28 bytes).
    Removing dma_stm32f10x.o(i.__NVIC_DisableIRQ), (60 bytes).
    Removing dma_stm32f10x.o(i.__NVIC_EnableIRQ), (26 bytes).
    Removing dma_stm32f10x.o(.data), (1 bytes).
    Removing gpio_stm32f10x.o(.rev16_text), (4 bytes).
    Removing gpio_stm32f10x.o(.revsh_text), (4 bytes).
    Removing gpio_stm32f10x.o(.rrx_text), (6 bytes).
    Removing gpio_stm32f10x.o(i.GPIO_AFConfigure), (156 bytes).
    Removing gpio_stm32f10x.o(i.GPIO_GetPortClockState), (152 bytes).
    Removing gpio_stm32f10x.o(i.GPIO_PinConfigure), (120 bytes).
    Removing gpio_stm32f10x.o(i.GPIO_PortClock), (316 bytes).
    Removing system_stm32f10x.o(.rev16_text), (4 bytes).
    Removing system_stm32f10x.o(.revsh_text), (4 bytes).
    Removing system_stm32f10x.o(.rrx_text), (6 bytes).
    Removing system_stm32f10x.o(i.SystemCoreClockUpdate), (164 bytes).
    Removing system_stm32f10x.o(.data), (20 bytes).

435 unused section(s) (total 15573 bytes) removed from the image.

==============================================================================

Image Symbol Table

    Local Symbols

    Symbol Name                              Value     Ov Type        Size  Object(Section)

    ../clib/angel/boardlib.s                 0x00000000   Number         0  boardshut.o ABSOLUTE
    ../clib/angel/boardlib.s                 0x00000000   Number         0  boardinit1.o ABSOLUTE
    ../clib/angel/boardlib.s                 0x00000000   Number         0  boardinit2.o ABSOLUTE
    ../clib/angel/boardlib.s                 0x00000000   Number         0  boardinit3.o ABSOLUTE
    ../clib/angel/dczerorl2.s                0x00000000   Number         0  __dczerorl2.o ABSOLUTE
    ../clib/angel/handlers.s                 0x00000000   Number         0  __scatter_zi.o ABSOLUTE
    ../clib/angel/kernel.s                   0x00000000   Number         0  rtexit2.o ABSOLUTE
    ../clib/angel/kernel.s                   0x00000000   Number         0  __rtentry4.o ABSOLUTE
    ../clib/angel/kernel.s                   0x00000000   Number         0  __rtentry2.o ABSOLUTE
    ../clib/angel/kernel.s                   0x00000000   Number         0  __rtentry.o ABSOLUTE
    ../clib/angel/kernel.s                   0x00000000   Number         0  rtexit.o ABSOLUTE
    ../clib/angel/rt.s                       0x00000000   Number         0  rt_locale_intlibspace.o ABSOLUTE
    ../clib/angel/rt.s                       0x00000000   Number         0  rt_locale.o ABSOLUTE
    ../clib/angel/rt.s                       0x00000000   Number         0  rt_ctype_table.o ABSOLUTE
    ../clib/angel/rt.s                       0x00000000   Number         0  rt_raise.o ABSOLUTE
    ../clib/angel/rt.s                       0x00000000   Number         0  rt_errno_addr_intlibspace.o ABSOLUTE
    ../clib/angel/rt.s                       0x00000000   Number         0  rt_errno_addr.o ABSOLUTE
    ../clib/angel/scatter.s                  0x00000000   Number         0  __scatter.o ABSOLUTE
    ../clib/angel/startup.s                  0x00000000   Number         0  __main.o ABSOLUTE
    ../clib/angel/sys.s                      0x00000000   Number         0  sys_stackheap_outer.o ABSOLUTE
    ../clib/angel/sys.s                      0x00000000   Number         0  use_no_semi.o ABSOLUTE
    ../clib/angel/sys.s                      0x00000000   Number         0  indicate_semi.o ABSOLUTE
    ../clib/angel/sys.s                      0x00000000   Number         0  libspace.o ABSOLUTE
    ../clib/angel/sysapp.c                   0x00000000   Number         0  sys_wrch.o ABSOLUTE
    ../clib/angel/sysapp.c                   0x00000000   Number         0  sys_exit.o ABSOLUTE
    ../clib/angel/sysapp.c                   0x00000000   Number         0  sys_command.o ABSOLUTE
    ../clib/armsys.c                         0x00000000   Number         0  argv_veneer.o ABSOLUTE
    ../clib/armsys.c                         0x00000000   Number         0  argv_veneer.o ABSOLUTE
    ../clib/armsys.c                         0x00000000   Number         0  _get_argv_nomalloc.o ABSOLUTE
    ../clib/armsys.c                         0x00000000   Number         0  no_argv.o ABSOLUTE
    ../clib/heapalloc.c                      0x00000000   Number         0  hrguard.o ABSOLUTE
    ../clib/heapaux.c                        0x00000000   Number         0  heapauxi.o ABSOLUTE
    ../clib/libinit.s                        0x00000000   Number         0  libshutdown.o ABSOLUTE
    ../clib/libinit.s                        0x00000000   Number         0  libshutdown2.o ABSOLUTE
    ../clib/libinit.s                        0x00000000   Number         0  libinit.o ABSOLUTE
    ../clib/libinit.s                        0x00000000   Number         0  libinit2.o ABSOLUTE
    ../clib/locale.s                         0x00000000   Number         0  lc_ctype_c.o ABSOLUTE
    ../clib/memcpset.s                       0x00000000   Number         0  strcmpv7m.o ABSOLUTE
    ../clib/scanf.c                          0x00000000   Number         0  _chval.o ABSOLUTE
    ../clib/scanf.c                          0x00000000   Number         0  _strtoul.o ABSOLUTE
    ../clib/scanf.c                          0x00000000   Number         0  strtol.o ABSOLUTE
    ../clib/scanf.c                          0x00000000   Number         0  atoi.o ABSOLUTE
    ../clib/signal.c                         0x00000000   Number         0  defsig_other.o ABSOLUTE
    ../clib/signal.c                         0x00000000   Number         0  defsig_general.o ABSOLUTE
    ../clib/signal.c                         0x00000000   Number         0  defsig_rtmem_formal.o ABSOLUTE
    ../clib/signal.c                         0x00000000   Number         0  defsig_exit.o ABSOLUTE
    ../clib/signal.c                         0x00000000   Number         0  __raise.o ABSOLUTE
    ../clib/signal.c                         0x00000000   Number         0  defsig_fpe_inner.o ABSOLUTE
    ../clib/signal.c                         0x00000000   Number         0  defsig_abrt_inner.o ABSOLUTE
    ../clib/signal.c                         0x00000000   Number         0  defsig_segv_inner.o ABSOLUTE
    ../clib/signal.c                         0x00000000   Number         0  defsig_rtmem_inner.o ABSOLUTE
    ../clib/signal.c                         0x00000000   Number         0  defsig_cppl_inner.o ABSOLUTE
    ../clib/signal.c                         0x00000000   Number         0  defsig_pvfn_inner.o ABSOLUTE
    ../clib/signal.c                         0x00000000   Number         0  defsig_stak_inner.o ABSOLUTE
    ../clib/signal.c                         0x00000000   Number         0  defsig_rtred_inner.o ABSOLUTE
    ../clib/signal.c                         0x00000000   Number         0  defsig_rtmem_outer.o ABSOLUTE
    ../clib/signal.s                         0x00000000   Number         0  defsig.o ABSOLUTE
    ../clib/stdlib.c                         0x00000000   Number         0  exit.o ABSOLUTE
    ../fplib/fpinit.s                        0x00000000   Number         0  fpinit.o ABSOLUTE
    ..\Libraries\STM32F10x_StdPeriph_Driver\src\stm32f10x_dma.c 0x00000000   Number         0  stm32f10x_dma.o ABSOLUTE
    ..\\Libraries\\STM32F10x_StdPeriph_Driver\\src\\stm32f10x_dma.c 0x00000000   Number         0  stm32f10x_dma.o ABSOLUTE
    F:\KEIL5\MDK5\ARM\PACK\Keil\STM32F1xx_DFP\2.2.0\Device\StdPeriph_Driver\src\misc.c 0x00000000   Number         0  misc.o ABSOLUTE
    F:\KEIL5\MDK5\ARM\PACK\Keil\STM32F1xx_DFP\2.2.0\Device\StdPeriph_Driver\src\stm32f10x_adc.c 0x00000000   Number         0  stm32f10x_adc.o ABSOLUTE
    F:\KEIL5\MDK5\ARM\PACK\Keil\STM32F1xx_DFP\2.2.0\Device\StdPeriph_Driver\src\stm32f10x_dac.c 0x00000000   Number         0  stm32f10x_dac.o ABSOLUTE
    F:\KEIL5\MDK5\ARM\PACK\Keil\STM32F1xx_DFP\2.2.0\Device\StdPeriph_Driver\src\stm32f10x_exti.c 0x00000000   Number         0  stm32f10x_exti.o ABSOLUTE
    F:\KEIL5\MDK5\ARM\PACK\Keil\STM32F1xx_DFP\2.2.0\Device\StdPeriph_Driver\src\stm32f10x_flash.c 0x00000000   Number         0  stm32f10x_flash.o ABSOLUTE
    F:\KEIL5\MDK5\ARM\PACK\Keil\STM32F1xx_DFP\2.2.0\Device\StdPeriph_Driver\src\stm32f10x_fsmc.c 0x00000000   Number         0  stm32f10x_fsmc.o ABSOLUTE
    F:\KEIL5\MDK5\ARM\PACK\Keil\STM32F1xx_DFP\2.2.0\Device\StdPeriph_Driver\src\stm32f10x_gpio.c 0x00000000   Number         0  stm32f10x_gpio.o ABSOLUTE
    F:\KEIL5\MDK5\ARM\PACK\Keil\STM32F1xx_DFP\2.2.0\Device\StdPeriph_Driver\src\stm32f10x_i2c.c 0x00000000   Number         0  stm32f10x_i2c.o ABSOLUTE
    F:\KEIL5\MDK5\ARM\PACK\Keil\STM32F1xx_DFP\2.2.0\Device\StdPeriph_Driver\src\stm32f10x_iwdg.c 0x00000000   Number         0  stm32f10x_iwdg.o ABSOLUTE
    F:\KEIL5\MDK5\ARM\PACK\Keil\STM32F1xx_DFP\2.2.0\Device\StdPeriph_Driver\src\stm32f10x_pwr.c 0x00000000   Number         0  stm32f10x_pwr.o ABSOLUTE
    F:\KEIL5\MDK5\ARM\PACK\Keil\STM32F1xx_DFP\2.2.0\Device\StdPeriph_Driver\src\stm32f10x_rcc.c 0x00000000   Number         0  stm32f10x_rcc.o ABSOLUTE
    F:\KEIL5\MDK5\ARM\PACK\Keil\STM32F1xx_DFP\2.2.0\Device\StdPeriph_Driver\src\stm32f10x_spi.c 0x00000000   Number         0  stm32f10x_spi.o ABSOLUTE
    F:\KEIL5\MDK5\ARM\PACK\Keil\STM32F1xx_DFP\2.2.0\Device\StdPeriph_Driver\src\stm32f10x_tim.c 0x00000000   Number         0  stm32f10x_tim.o ABSOLUTE
    F:\KEIL5\MDK5\ARM\PACK\Keil\STM32F1xx_DFP\2.2.0\Device\StdPeriph_Driver\src\stm32f10x_usart.c 0x00000000   Number         0  stm32f10x_usart.o ABSOLUTE
    F:\KEIL5\MDK5\ARM\PACK\Keil\STM32F1xx_DFP\2.2.0\Device\StdPeriph_Driver\src\stm32f10x_wwdg.c 0x00000000   Number         0  stm32f10x_wwdg.o ABSOLUTE
    F:\KEIL5\MDK5\ARM\PACK\Keil\STM32F1xx_DFP\2.2.0\RTE_Driver\DMA_STM32F10x.c 0x00000000   Number         0  dma_stm32f10x.o ABSOLUTE
    F:\KEIL5\MDK5\ARM\PACK\Keil\STM32F1xx_DFP\2.2.0\RTE_Driver\GPIO_STM32F10x.c 0x00000000   Number         0  gpio_stm32f10x.o ABSOLUTE
    F:\\KEIL5\\MDK5\\ARM\\PACK\\Keil\\STM32F1xx_DFP\\2.2.0\\Device\\StdPeriph_Driver\\src\\misc.c 0x00000000   Number         0  misc.o ABSOLUTE
    F:\\KEIL5\\MDK5\\ARM\\PACK\\Keil\\STM32F1xx_DFP\\2.2.0\\Device\\StdPeriph_Driver\\src\\stm32f10x_adc.c 0x00000000   Number         0  stm32f10x_adc.o ABSOLUTE
    F:\\KEIL5\\MDK5\\ARM\\PACK\\Keil\\STM32F1xx_DFP\\2.2.0\\Device\\StdPeriph_Driver\\src\\stm32f10x_dac.c 0x00000000   Number         0  stm32f10x_dac.o ABSOLUTE
    F:\\KEIL5\\MDK5\\ARM\\PACK\\Keil\\STM32F1xx_DFP\\2.2.0\\Device\\StdPeriph_Driver\\src\\stm32f10x_exti.c 0x00000000   Number         0  stm32f10x_exti.o ABSOLUTE
    F:\\KEIL5\\MDK5\\ARM\\PACK\\Keil\\STM32F1xx_DFP\\2.2.0\\Device\\StdPeriph_Driver\\src\\stm32f10x_flash.c 0x00000000   Number         0  stm32f10x_flash.o ABSOLUTE
    F:\\KEIL5\\MDK5\\ARM\\PACK\\Keil\\STM32F1xx_DFP\\2.2.0\\Device\\StdPeriph_Driver\\src\\stm32f10x_fsmc.c 0x00000000   Number         0  stm32f10x_fsmc.o ABSOLUTE
    F:\\KEIL5\\MDK5\\ARM\\PACK\\Keil\\STM32F1xx_DFP\\2.2.0\\Device\\StdPeriph_Driver\\src\\stm32f10x_gpio.c 0x00000000   Number         0  stm32f10x_gpio.o ABSOLUTE
    F:\\KEIL5\\MDK5\\ARM\\PACK\\Keil\\STM32F1xx_DFP\\2.2.0\\Device\\StdPeriph_Driver\\src\\stm32f10x_i2c.c 0x00000000   Number         0  stm32f10x_i2c.o ABSOLUTE
    F:\\KEIL5\\MDK5\\ARM\\PACK\\Keil\\STM32F1xx_DFP\\2.2.0\\Device\\StdPeriph_Driver\\src\\stm32f10x_iwdg.c 0x00000000   Number         0  stm32f10x_iwdg.o ABSOLUTE
    F:\\KEIL5\\MDK5\\ARM\\PACK\\Keil\\STM32F1xx_DFP\\2.2.0\\Device\\StdPeriph_Driver\\src\\stm32f10x_pwr.c 0x00000000   Number         0  stm32f10x_pwr.o ABSOLUTE
    F:\\KEIL5\\MDK5\\ARM\\PACK\\Keil\\STM32F1xx_DFP\\2.2.0\\Device\\StdPeriph_Driver\\src\\stm32f10x_rcc.c 0x00000000   Number         0  stm32f10x_rcc.o ABSOLUTE
    F:\\KEIL5\\MDK5\\ARM\\PACK\\Keil\\STM32F1xx_DFP\\2.2.0\\Device\\StdPeriph_Driver\\src\\stm32f10x_spi.c 0x00000000   Number         0  stm32f10x_spi.o ABSOLUTE
    F:\\KEIL5\\MDK5\\ARM\\PACK\\Keil\\STM32F1xx_DFP\\2.2.0\\Device\\StdPeriph_Driver\\src\\stm32f10x_tim.c 0x00000000   Number         0  stm32f10x_tim.o ABSOLUTE
    F:\\KEIL5\\MDK5\\ARM\\PACK\\Keil\\STM32F1xx_DFP\\2.2.0\\Device\\StdPeriph_Driver\\src\\stm32f10x_usart.c 0x00000000   Number         0  stm32f10x_usart.o ABSOLUTE
    F:\\KEIL5\\MDK5\\ARM\\PACK\\Keil\\STM32F1xx_DFP\\2.2.0\\Device\\StdPeriph_Driver\\src\\stm32f10x_wwdg.c 0x00000000   Number         0  stm32f10x_wwdg.o ABSOLUTE
    F:\\KEIL5\\MDK5\\ARM\\PACK\\Keil\\STM32F1xx_DFP\\2.2.0\\RTE_Driver\\DMA_STM32F10x.c 0x00000000   Number         0  dma_stm32f10x.o ABSOLUTE
    F:\\KEIL5\\MDK5\\ARM\\PACK\\Keil\\STM32F1xx_DFP\\2.2.0\\RTE_Driver\\GPIO_STM32F10x.c 0x00000000   Number         0  gpio_stm32f10x.o ABSOLUTE
    LED.c                                    0x00000000   Number         0  led.o ABSOLUTE
    LED.c                                    0x00000000   Number         0  led.o ABSOLUTE
    RTE\Device\STM32F103C8\startup_stm32f10x_md.s 0x00000000   Number         0  startup_stm32f10x_md.o ABSOLUTE
    RTE\Device\STM32F103C8\system_stm32f10x.c 0x00000000   Number         0  system_stm32f10x.o ABSOLUTE
    RTE\\Device\\STM32F103C8\\system_stm32f10x.c 0x00000000   Number         0  system_stm32f10x.o ABSOLUTE
    beep.c                                   0x00000000   Number         0  beep.o ABSOLUTE
    beep.c                                   0x00000000   Number         0  beep.o ABSOLUTE
    dc.s                                     0x00000000   Number         0  dc.o ABSOLUTE
    door.c                                   0x00000000   Number         0  door.o ABSOLUTE
    door.c                                   0x00000000   Number         0  door.o ABSOLUTE
    main.c                                   0x00000000   Number         0  main.o ABSOLUTE
    main.c                                   0x00000000   Number         0  main.o ABSOLUTE
    watchdog.c                               0x00000000   Number         0  watchdog.o ABSOLUTE
    watchdog.c                               0x00000000   Number         0  watchdog.o ABSOLUTE
    zhiwen.c                                 0x00000000   Number         0  zhiwen.o ABSOLUTE
    zhiwen.c                                 0x00000000   Number         0  zhiwen.o ABSOLUTE
    RESET                                    0x08000000   Section      236  startup_stm32f10x_md.o(RESET)
    !!!main                                  0x080000ec   Section        8  __main.o(!!!main)
    !!!scatter                               0x080000f4   Section       52  __scatter.o(!!!scatter)
    !!dczerorl2                              0x08000128   Section       90  __dczerorl2.o(!!dczerorl2)
    !!handler_zi                             0x08000184   Section       28  __scatter_zi.o(!!handler_zi)
    .ARM.Collect$$libinit$$00000000          0x080001a0   Section        2  libinit.o(.ARM.Collect$$libinit$$00000000)
    .ARM.Collect$$libinit$$00000002          0x080001a2   Section        0  libinit2.o(.ARM.Collect$$libinit$$00000002)
    .ARM.Collect$$libinit$$00000004          0x080001a2   Section        0  libinit2.o(.ARM.Collect$$libinit$$00000004)
    .ARM.Collect$$libinit$$0000000A          0x080001a2   Section        0  libinit2.o(.ARM.Collect$$libinit$$0000000A)
    .ARM.Collect$$libinit$$0000000C          0x080001a2   Section        0  libinit2.o(.ARM.Collect$$libinit$$0000000C)
    .ARM.Collect$$libinit$$0000000E          0x080001a2   Section        0  libinit2.o(.ARM.Collect$$libinit$$0000000E)
    .ARM.Collect$$libinit$$0000000F          0x080001a2   Section        6  libinit2.o(.ARM.Collect$$libinit$$0000000F)
    .ARM.Collect$$libinit$$00000011          0x080001a8   Section        0  libinit2.o(.ARM.Collect$$libinit$$00000011)
    .ARM.Collect$$libinit$$00000012          0x080001a8   Section       12  libinit2.o(.ARM.Collect$$libinit$$00000012)
    .ARM.Collect$$libinit$$00000013          0x080001b4   Section        0  libinit2.o(.ARM.Collect$$libinit$$00000013)
    .ARM.Collect$$libinit$$00000015          0x080001b4   Section        0  libinit2.o(.ARM.Collect$$libinit$$00000015)
    .ARM.Collect$$libinit$$00000017          0x080001b4   Section        0  libinit2.o(.ARM.Collect$$libinit$$00000017)
    .ARM.Collect$$libinit$$00000019          0x080001b4   Section        0  libinit2.o(.ARM.Collect$$libinit$$00000019)
    .ARM.Collect$$libinit$$0000001B          0x080001b4   Section        0  libinit2.o(.ARM.Collect$$libinit$$0000001B)
    .ARM.Collect$$libinit$$0000001D          0x080001b4   Section        0  libinit2.o(.ARM.Collect$$libinit$$0000001D)
    .ARM.Collect$$libinit$$0000001F          0x080001b4   Section        0  libinit2.o(.ARM.Collect$$libinit$$0000001F)
    .ARM.Collect$$libinit$$00000021          0x080001b4   Section        0  libinit2.o(.ARM.Collect$$libinit$$00000021)
    .ARM.Collect$$libinit$$00000023          0x080001b4   Section        0  libinit2.o(.ARM.Collect$$libinit$$00000023)
    .ARM.Collect$$libinit$$00000025          0x080001b4   Section        0  libinit2.o(.ARM.Collect$$libinit$$00000025)
    .ARM.Collect$$libinit$$0000002C          0x080001b4   Section        0  libinit2.o(.ARM.Collect$$libinit$$0000002C)
    .ARM.Collect$$libinit$$0000002E          0x080001b4   Section        0  libinit2.o(.ARM.Collect$$libinit$$0000002E)
    .ARM.Collect$$libinit$$00000030          0x080001b4   Section        0  libinit2.o(.ARM.Collect$$libinit$$00000030)
    .ARM.Collect$$libinit$$00000032          0x080001b4   Section        0  libinit2.o(.ARM.Collect$$libinit$$00000032)
    .ARM.Collect$$libinit$$00000033          0x080001b4   Section        2  libinit2.o(.ARM.Collect$$libinit$$00000033)
    .ARM.Collect$$libshutdown$$00000000      0x080001b6   Section        2  libshutdown.o(.ARM.Collect$$libshutdown$$00000000)
    .ARM.Collect$$libshutdown$$00000002      0x080001b8   Section        0  libshutdown2.o(.ARM.Collect$$libshutdown$$00000002)
    .ARM.Collect$$libshutdown$$00000004      0x080001b8   Section        0  libshutdown2.o(.ARM.Collect$$libshutdown$$00000004)
    .ARM.Collect$$libshutdown$$00000007      0x080001b8   Section        0  libshutdown2.o(.ARM.Collect$$libshutdown$$00000007)
    .ARM.Collect$$libshutdown$$0000000A      0x080001b8   Section        0  libshutdown2.o(.ARM.Collect$$libshutdown$$0000000A)
    .ARM.Collect$$libshutdown$$0000000C      0x080001b8   Section        0  libshutdown2.o(.ARM.Collect$$libshutdown$$0000000C)
    .ARM.Collect$$libshutdown$$0000000F      0x080001b8   Section        0  libshutdown2.o(.ARM.Collect$$libshutdown$$0000000F)
    .ARM.Collect$$libshutdown$$00000010      0x080001b8   Section        2  libshutdown2.o(.ARM.Collect$$libshutdown$$00000010)
    .ARM.Collect$$rtentry$$00000000          0x080001ba   Section        0  __rtentry.o(.ARM.Collect$$rtentry$$00000000)
    .ARM.Collect$$rtentry$$00000002          0x080001ba   Section        0  __rtentry2.o(.ARM.Collect$$rtentry$$00000002)
    .ARM.Collect$$rtentry$$00000004          0x080001ba   Section        6  __rtentry4.o(.ARM.Collect$$rtentry$$00000004)
    .ARM.Collect$$rtentry$$00000009          0x080001c0   Section        0  __rtentry2.o(.ARM.Collect$$rtentry$$00000009)
    .ARM.Collect$$rtentry$$0000000A          0x080001c0   Section        4  __rtentry2.o(.ARM.Collect$$rtentry$$0000000A)
    .ARM.Collect$$rtentry$$0000000C          0x080001c4   Section        0  __rtentry2.o(.ARM.Collect$$rtentry$$0000000C)
    .ARM.Collect$$rtentry$$0000000D          0x080001c4   Section        8  __rtentry2.o(.ARM.Collect$$rtentry$$0000000D)
    .ARM.Collect$$rtexit$$00000000           0x080001cc   Section        2  rtexit.o(.ARM.Collect$$rtexit$$00000000)
    .ARM.Collect$$rtexit$$00000002           0x080001ce   Section        0  rtexit2.o(.ARM.Collect$$rtexit$$00000002)
    .ARM.Collect$$rtexit$$00000003           0x080001ce   Section        4  rtexit2.o(.ARM.Collect$$rtexit$$00000003)
    .ARM.Collect$$rtexit$$00000004           0x080001d2   Section        6  rtexit2.o(.ARM.Collect$$rtexit$$00000004)
    .text                                    0x080001d8   Section       64  startup_stm32f10x_md.o(.text)
    .text                                    0x08000218   Section        0  atoi.o(.text)
    .text                                    0x08000232   Section        0  heapauxi.o(.text)
    .text                                    0x08000238   Section        8  rt_errno_addr_intlibspace.o(.text)
    .text                                    0x08000240   Section        0  strtol.o(.text)
    .text                                    0x080002b0   Section        8  libspace.o(.text)
    .text                                    0x080002b8   Section       16  rt_ctype_table.o(.text)
    .text                                    0x080002c8   Section        0  _strtoul.o(.text)
    .text                                    0x08000366   Section       74  sys_stackheap_outer.o(.text)
    .text                                    0x080003b0   Section        8  rt_locale_intlibspace.o(.text)
    .text                                    0x080003b8   Section        0  _chval.o(.text)
    .text                                    0x080003d4   Section        0  exit.o(.text)
    .text                                    0x080003e8   Section      128  strcmpv7m.o(.text)
    .text                                    0x08000468   Section        0  sys_exit.o(.text)
    .text                                    0x08000474   Section        2  use_no_semi.o(.text)
    .text                                    0x08000476   Section        0  indicate_semi.o(.text)
    i.BEEP_GPIO_Configuration                0x08000478   Section        0  beep.o(i.BEEP_GPIO_Configuration)
    i.Change_PageID                          0x080004ac   Section        0  zhiwen.o(i.Change_PageID)
    i.Check_PassWord                         0x080004dc   Section        0  zhiwen.o(i.Check_PassWord)
    i.ClearAll                               0x08000508   Section        0  zhiwen.o(i.ClearAll)
    i.ClearAll_Finger                        0x0800051c   Section        0  zhiwen.o(i.ClearAll_Finger)
    i.DMA1_Channel1_Event                    0x08000548   Section        0  dma_stm32f10x.o(i.DMA1_Channel1_Event)
    i.DMA1_Channel1_IRQHandler               0x0800054c   Section        0  dma_stm32f10x.o(i.DMA1_Channel1_IRQHandler)
    i.DMA1_Channel2_Event                    0x08000568   Section        0  dma_stm32f10x.o(i.DMA1_Channel2_Event)
    i.DMA1_Channel2_IRQHandler               0x0800056c   Section        0  dma_stm32f10x.o(i.DMA1_Channel2_IRQHandler)
    i.DMA1_Channel3_Event                    0x08000588   Section        0  dma_stm32f10x.o(i.DMA1_Channel3_Event)
    i.DMA1_Channel3_IRQHandler               0x0800058c   Section        0  dma_stm32f10x.o(i.DMA1_Channel3_IRQHandler)
    i.DMA1_Channel4_Event                    0x080005a8   Section        0  dma_stm32f10x.o(i.DMA1_Channel4_Event)
    i.DMA1_Channel4_IRQHandler               0x080005ac   Section        0  dma_stm32f10x.o(i.DMA1_Channel4_IRQHandler)
    i.DMA1_Channel5_Event                    0x080005c8   Section        0  dma_stm32f10x.o(i.DMA1_Channel5_Event)
    i.DMA1_Channel5_IRQHandler               0x080005cc   Section        0  dma_stm32f10x.o(i.DMA1_Channel5_IRQHandler)
    i.DMA1_Channel6_Event                    0x080005e8   Section        0  dma_stm32f10x.o(i.DMA1_Channel6_Event)
    i.DMA1_Channel6_IRQHandler               0x080005ec   Section        0  dma_stm32f10x.o(i.DMA1_Channel6_IRQHandler)
    i.DMA1_Channel7_Event                    0x08000608   Section        0  dma_stm32f10x.o(i.DMA1_Channel7_Event)
    i.DMA1_Channel7_IRQHandler               0x0800060c   Section        0  dma_stm32f10x.o(i.DMA1_Channel7_IRQHandler)
    i.Delay                                  0x08000628   Section        0  zhiwen.o(i.Delay)
    i.Delete_One_Finger                      0x08000634   Section        0  zhiwen.o(i.Delete_One_Finger)
    i.Door_GPIO_Configuration                0x08000668   Section        0  door.o(i.Door_GPIO_Configuration)
    i.Enter_FingerPrint                      0x08000698   Section        0  zhiwen.o(i.Enter_FingerPrint)
    i.GPIO_Init                              0x08000834   Section        0  stm32f10x_gpio.o(i.GPIO_Init)
    i.GPIO_ResetBits                         0x0800094a   Section        0  stm32f10x_gpio.o(i.GPIO_ResetBits)
    i.GPIO_SetBits                           0x0800094e   Section        0  stm32f10x_gpio.o(i.GPIO_SetBits)
    i.GR_Delet_Finger_Weizhi                 0x08000954   Section        0  zhiwen.o(i.GR_Delet_Finger_Weizhi)
    i.GR_Save_Finger_Weizhi                  0x08000994   Section        0  zhiwen.o(i.GR_Save_Finger_Weizhi)
    i.IWDG_Enable                            0x080009d0   Section        0  stm32f10x_iwdg.o(i.IWDG_Enable)
    i.IWDG_ReloadCounter                     0x080009e0   Section        0  stm32f10x_iwdg.o(i.IWDG_ReloadCounter)
    i.IWDG_SetPrescaler                      0x080009f0   Section        0  stm32f10x_iwdg.o(i.IWDG_SetPrescaler)
    i.IWDG_SetReload                         0x080009fc   Section        0  stm32f10x_iwdg.o(i.IWDG_SetReload)
    i.IWDG_WriteAccessCmd                    0x08000a08   Section        0  stm32f10x_iwdg.o(i.IWDG_WriteAccessCmd)
    i.LED_GPIO_Configuration                 0x08000a14   Section        0  led.o(i.LED_GPIO_Configuration)
    i.Match_Finger                           0x08000a40   Section        0  zhiwen.o(i.Match_Finger)
    i.NVIC_Init                              0x08000b30   Section        0  misc.o(i.NVIC_Init)
    i.NVIC_PriorityGroupConfig               0x08000ba0   Section        0  misc.o(i.NVIC_PriorityGroupConfig)
    i.RCC_APB1PeriphClockCmd                 0x08000bb4   Section        0  stm32f10x_rcc.o(i.RCC_APB1PeriphClockCmd)
    i.RCC_APB2PeriphClockCmd                 0x08000bd4   Section        0  stm32f10x_rcc.o(i.RCC_APB2PeriphClockCmd)
    i.RCC_GetClocksFreq                      0x08000bf4   Section        0  stm32f10x_rcc.o(i.RCC_GetClocksFreq)
    i.SetSysClock                            0x08000cc8   Section        0  system_stm32f10x.o(i.SetSysClock)
    SetSysClock                              0x08000cc9   Thumb Code     8  system_stm32f10x.o(i.SetSysClock)
    i.SetSysClockTo72                        0x08000cd0   Section        0  system_stm32f10x.o(i.SetSysClockTo72)
    SetSysClockTo72                          0x08000cd1   Thumb Code   214  system_stm32f10x.o(i.SetSysClockTo72)
    i.StringCompare                          0x08000db0   Section        0  zhiwen.o(i.StringCompare)
    i.SysTick_Handler                        0x08000dd4   Section        0  main.o(i.SysTick_Handler)
    i.SystemInit                             0x08000e1c   Section        0  system_stm32f10x.o(i.SystemInit)
    i.USART2_IRQHandler                      0x08000e7c   Section        0  zhiwen.o(i.USART2_IRQHandler)
    i.USART3_IRQHandler                      0x08000ee8   Section        0  zhiwen.o(i.USART3_IRQHandler)
    i.USART_ClearITPendingBit                0x08000f54   Section        0  stm32f10x_usart.o(i.USART_ClearITPendingBit)
    i.USART_Cmd                              0x08000f72   Section        0  stm32f10x_usart.o(i.USART_Cmd)
    i.USART_GetFlagStatus                    0x08000f8a   Section        0  stm32f10x_usart.o(i.USART_GetFlagStatus)
    i.USART_GetITStatus                      0x08000fa4   Section        0  stm32f10x_usart.o(i.USART_GetITStatus)
    i.USART_ITConfig                         0x08000ff8   Section        0  stm32f10x_usart.o(i.USART_ITConfig)
    i.USART_Init                             0x08001044   Section        0  stm32f10x_usart.o(i.USART_Init)
    i.USART_ReceiveData                      0x0800111c   Section        0  stm32f10x_usart.o(i.USART_ReceiveData)
    i.USART_SendData                         0x08001126   Section        0  stm32f10x_usart.o(i.USART_SendData)
    i.Usart2_SendString                      0x08001130   Section        0  zhiwen.o(i.Usart2_SendString)
    i.Usart_Init                             0x0800115c   Section        0  zhiwen.o(i.Usart_Init)
    i.Usart_SendString                       0x080012c8   Section        0  zhiwen.o(i.Usart_SendString)
    i.Watch_Dog_Config                       0x080012f4   Section        0  watchdog.o(i.Watch_Dog_Config)
    i.main                                   0x08001318   Section        0  main.o(i.main)
    i.mi                                     0x08001458   Section        0  main.o(i.mi)
    locale$$code                             0x08001470   Section       44  lc_ctype_c.o(locale$$code)
    locale$$data                             0x080014bc   Section      272  lc_ctype_c.o(locale$$data)
    __lcctype_c_name                         0x080014c0   Data           2  lc_ctype_c.o(locale$$data)
    __lcctype_c_start                        0x080014c8   Data           0  lc_ctype_c.o(locale$$data)
    __lcctype_c_end                          0x080015cc   Data           0  lc_ctype_c.o(locale$$data)
    .data                                    0x20000000   Section       40  main.o(.data)
    .data                                    0x20000028   Section      266  zhiwen.o(.data)
    FingerPageID                             0x20000028   Data           1  zhiwen.o(.data)
    .data                                    0x20000132   Section       20  stm32f10x_rcc.o(.data)
    APBAHBPrescTable                         0x20000132   Data          16  stm32f10x_rcc.o(.data)
    ADCPrescTable                            0x20000142   Data           4  stm32f10x_rcc.o(.data)
    .bss                                     0x20000148   Section      300  zhiwen.o(.bss)
    .bss                                     0x20000274   Section       96  libspace.o(.bss)
    HEAP                                     0x200002d8   Section      512  startup_stm32f10x_md.o(HEAP)
    Heap_Mem                                 0x200002d8   Data         512  startup_stm32f10x_md.o(HEAP)
    STACK                                    0x200004d8   Section     1024  startup_stm32f10x_md.o(STACK)
    Stack_Mem                                0x200004d8   Data        1024  startup_stm32f10x_md.o(STACK)
    __initial_sp                             0x200008d8   Data           0  startup_stm32f10x_md.o(STACK)

    Global Symbols

    Symbol Name                              Value     Ov Type        Size  Object(Section)

    BuildAttributes$$THM_ISAv4$P$D$K$B$S$PE$A:L22UL41UL21$X:L11$S22US41US21$IEEE1$IW$USESV6$~STKCKD$USESV7$~SHL$OSPACE$ROPI$EBA8$UX$STANDARDLIB$REQ8$PRES8$EABIv2 0x00000000   Number         0  anon$$obj.o ABSOLUTE
    __ARM_use_no_argv                        0x00000000   Number         0  main.o ABSOLUTE
    __ARM_exceptions_init                     - Undefined Weak Reference
    __alloca_initialize                       - Undefined Weak Reference
    __arm_preinit_                            - Undefined Weak Reference
    __cpp_initialize__aeabi_                  - Undefined Weak Reference
    __cxa_finalize                            - Undefined Weak Reference
    __sigvec_lookup                           - Undefined Weak Reference
    _atexit_init                              - Undefined Weak Reference
    _call_atexit_fns                          - Undefined Weak Reference
    _clock_init                               - Undefined Weak Reference
    _fp_trap_init                             - Undefined Weak Reference
    _fp_trap_shutdown                         - Undefined Weak Reference
    _get_lc_collate                           - Undefined Weak Reference
    _get_lc_monetary                          - Undefined Weak Reference
    _get_lc_numeric                           - Undefined Weak Reference
    _get_lc_time                              - Undefined Weak Reference
    _getenv_init                              - Undefined Weak Reference
    _handle_redirection                       - Undefined Weak Reference
    _init_alloc                               - Undefined Weak Reference
    _init_user_alloc                          - Undefined Weak Reference
    _initio                                   - Undefined Weak Reference
    _rand_init                                - Undefined Weak Reference
    _signal_finish                            - Undefined Weak Reference
    _signal_init                              - Undefined Weak Reference
    _terminate_alloc                          - Undefined Weak Reference
    _terminate_user_alloc                     - Undefined Weak Reference
    _terminateio                              - Undefined Weak Reference
    __Vectors_Size                           0x000000ec   Number         0  startup_stm32f10x_md.o ABSOLUTE
    __Vectors                                0x08000000   Data           4  startup_stm32f10x_md.o(RESET)
    __Vectors_End                            0x080000ec   Data           0  startup_stm32f10x_md.o(RESET)
    __main                                   0x080000ed   Thumb Code     8  __main.o(!!!main)
    __scatterload                            0x080000f5   Thumb Code     0  __scatter.o(!!!scatter)
    __scatterload_rt2                        0x080000f5   Thumb Code    44  __scatter.o(!!!scatter)
    __scatterload_rt2_thumb_only             0x080000f5   Thumb Code     0  __scatter.o(!!!scatter)
    __scatterload_null                       0x08000103   Thumb Code     0  __scatter.o(!!!scatter)
    __decompress                             0x08000129   Thumb Code    90  __dczerorl2.o(!!dczerorl2)
    __decompress1                            0x08000129   Thumb Code     0  __dczerorl2.o(!!dczerorl2)
    __scatterload_zeroinit                   0x08000185   Thumb Code    28  __scatter_zi.o(!!handler_zi)
    __rt_lib_init                            0x080001a1   Thumb Code     0  libinit.o(.ARM.Collect$$libinit$$00000000)
    __rt_lib_init_fp_1                       0x080001a3   Thumb Code     0  libinit2.o(.ARM.Collect$$libinit$$00000002)
    __rt_lib_init_heap_1                     0x080001a3   Thumb Code     0  libinit2.o(.ARM.Collect$$libinit$$0000000A)
    __rt_lib_init_lc_common                  0x080001a3   Thumb Code     0  libinit2.o(.ARM.Collect$$libinit$$0000000F)
    __rt_lib_init_preinit_1                  0x080001a3   Thumb Code     0  libinit2.o(.ARM.Collect$$libinit$$00000004)
    __rt_lib_init_rand_1                     0x080001a3   Thumb Code     0  libinit2.o(.ARM.Collect$$libinit$$0000000E)
    __rt_lib_init_user_alloc_1               0x080001a3   Thumb Code     0  libinit2.o(.ARM.Collect$$libinit$$0000000C)
    __rt_lib_init_lc_collate_1               0x080001a9   Thumb Code     0  libinit2.o(.ARM.Collect$$libinit$$00000011)
    __rt_lib_init_lc_ctype_2                 0x080001a9   Thumb Code     0  libinit2.o(.ARM.Collect$$libinit$$00000012)
    __rt_lib_init_alloca_1                   0x080001b5   Thumb Code     0  libinit2.o(.ARM.Collect$$libinit$$0000002E)
    __rt_lib_init_argv_1                     0x080001b5   Thumb Code     0  libinit2.o(.ARM.Collect$$libinit$$0000002C)
    __rt_lib_init_atexit_1                   0x080001b5   Thumb Code     0  libinit2.o(.ARM.Collect$$libinit$$0000001B)
    __rt_lib_init_clock_1                    0x080001b5   Thumb Code     0  libinit2.o(.ARM.Collect$$libinit$$00000021)
    __rt_lib_init_cpp_1                      0x080001b5   Thumb Code     0  libinit2.o(.ARM.Collect$$libinit$$00000032)
    __rt_lib_init_exceptions_1               0x080001b5   Thumb Code     0  libinit2.o(.ARM.Collect$$libinit$$00000030)
    __rt_lib_init_fp_trap_1                  0x080001b5   Thumb Code     0  libinit2.o(.ARM.Collect$$libinit$$0000001F)
    __rt_lib_init_getenv_1                   0x080001b5   Thumb Code     0  libinit2.o(.ARM.Collect$$libinit$$00000023)
    __rt_lib_init_lc_ctype_1                 0x080001b5   Thumb Code     0  libinit2.o(.ARM.Collect$$libinit$$00000013)
    __rt_lib_init_lc_monetary_1              0x080001b5   Thumb Code     0  libinit2.o(.ARM.Collect$$libinit$$00000015)
    __rt_lib_init_lc_numeric_1               0x080001b5   Thumb Code     0  libinit2.o(.ARM.Collect$$libinit$$00000017)
    __rt_lib_init_lc_time_1                  0x080001b5   Thumb Code     0  libinit2.o(.ARM.Collect$$libinit$$00000019)
    __rt_lib_init_return                     0x080001b5   Thumb Code     0  libinit2.o(.ARM.Collect$$libinit$$00000033)
    __rt_lib_init_signal_1                   0x080001b5   Thumb Code     0  libinit2.o(.ARM.Collect$$libinit$$0000001D)
    __rt_lib_init_stdio_1                    0x080001b5   Thumb Code     0  libinit2.o(.ARM.Collect$$libinit$$00000025)
    __rt_lib_shutdown                        0x080001b7   Thumb Code     0  libshutdown.o(.ARM.Collect$$libshutdown$$00000000)
    __rt_lib_shutdown_cpp_1                  0x080001b9   Thumb Code     0  libshutdown2.o(.ARM.Collect$$libshutdown$$00000002)
    __rt_lib_shutdown_fp_trap_1              0x080001b9   Thumb Code     0  libshutdown2.o(.ARM.Collect$$libshutdown$$00000007)
    __rt_lib_shutdown_heap_1                 0x080001b9   Thumb Code     0  libshutdown2.o(.ARM.Collect$$libshutdown$$0000000F)
    __rt_lib_shutdown_return                 0x080001b9   Thumb Code     0  libshutdown2.o(.ARM.Collect$$libshutdown$$00000010)
    __rt_lib_shutdown_signal_1               0x080001b9   Thumb Code     0  libshutdown2.o(.ARM.Collect$$libshutdown$$0000000A)
    __rt_lib_shutdown_stdio_1                0x080001b9   Thumb Code     0  libshutdown2.o(.ARM.Collect$$libshutdown$$00000004)
    __rt_lib_shutdown_user_alloc_1           0x080001b9   Thumb Code     0  libshutdown2.o(.ARM.Collect$$libshutdown$$0000000C)
    __rt_entry                               0x080001bb   Thumb Code     0  __rtentry.o(.ARM.Collect$$rtentry$$00000000)
    __rt_entry_presh_1                       0x080001bb   Thumb Code     0  __rtentry2.o(.ARM.Collect$$rtentry$$00000002)
    __rt_entry_sh                            0x080001bb   Thumb Code     0  __rtentry4.o(.ARM.Collect$$rtentry$$00000004)
    __rt_entry_li                            0x080001c1   Thumb Code     0  __rtentry2.o(.ARM.Collect$$rtentry$$0000000A)
    __rt_entry_postsh_1                      0x080001c1   Thumb Code     0  __rtentry2.o(.ARM.Collect$$rtentry$$00000009)
    __rt_entry_main                          0x080001c5   Thumb Code     0  __rtentry2.o(.ARM.Collect$$rtentry$$0000000D)
    __rt_entry_postli_1                      0x080001c5   Thumb Code     0  __rtentry2.o(.ARM.Collect$$rtentry$$0000000C)
    __rt_exit                                0x080001cd   Thumb Code     0  rtexit.o(.ARM.Collect$$rtexit$$00000000)
    __rt_exit_ls                             0x080001cf   Thumb Code     0  rtexit2.o(.ARM.Collect$$rtexit$$00000003)
    __rt_exit_prels_1                        0x080001cf   Thumb Code     0  rtexit2.o(.ARM.Collect$$rtexit$$00000002)
    __rt_exit_exit                           0x080001d3   Thumb Code     0  rtexit2.o(.ARM.Collect$$rtexit$$00000004)
    Reset_Handler                            0x080001d9   Thumb Code     8  startup_stm32f10x_md.o(.text)
    NMI_Handler                              0x080001e1   Thumb Code     2  startup_stm32f10x_md.o(.text)
    HardFault_Handler                        0x080001e3   Thumb Code     2  startup_stm32f10x_md.o(.text)
    MemManage_Handler                        0x080001e5   Thumb Code     2  startup_stm32f10x_md.o(.text)
    BusFault_Handler                         0x080001e7   Thumb Code     2  startup_stm32f10x_md.o(.text)
    UsageFault_Handler                       0x080001e9   Thumb Code     2  startup_stm32f10x_md.o(.text)
    SVC_Handler                              0x080001eb   Thumb Code     2  startup_stm32f10x_md.o(.text)
    DebugMon_Handler                         0x080001ed   Thumb Code     2  startup_stm32f10x_md.o(.text)
    PendSV_Handler                           0x080001ef   Thumb Code     2  startup_stm32f10x_md.o(.text)
    ADC1_2_IRQHandler                        0x080001f3   Thumb Code     0  startup_stm32f10x_md.o(.text)
    CAN1_RX1_IRQHandler                      0x080001f3   Thumb Code     0  startup_stm32f10x_md.o(.text)
    CAN1_SCE_IRQHandler                      0x080001f3   Thumb Code     0  startup_stm32f10x_md.o(.text)
    EXTI0_IRQHandler                         0x080001f3   Thumb Code     0  startup_stm32f10x_md.o(.text)
    EXTI15_10_IRQHandler                     0x080001f3   Thumb Code     0  startup_stm32f10x_md.o(.text)
    EXTI1_IRQHandler                         0x080001f3   Thumb Code     0  startup_stm32f10x_md.o(.text)
    EXTI2_IRQHandler                         0x080001f3   Thumb Code     0  startup_stm32f10x_md.o(.text)
    EXTI3_IRQHandler                         0x080001f3   Thumb Code     0  startup_stm32f10x_md.o(.text)
    EXTI4_IRQHandler                         0x080001f3   Thumb Code     0  startup_stm32f10x_md.o(.text)
    EXTI9_5_IRQHandler                       0x080001f3   Thumb Code     0  startup_stm32f10x_md.o(.text)
    FLASH_IRQHandler                         0x080001f3   Thumb Code     0  startup_stm32f10x_md.o(.text)
    I2C1_ER_IRQHandler                       0x080001f3   Thumb Code     0  startup_stm32f10x_md.o(.text)
    I2C1_EV_IRQHandler                       0x080001f3   Thumb Code     0  startup_stm32f10x_md.o(.text)
    I2C2_ER_IRQHandler                       0x080001f3   Thumb Code     0  startup_stm32f10x_md.o(.text)
    I2C2_EV_IRQHandler                       0x080001f3   Thumb Code     0  startup_stm32f10x_md.o(.text)
    PVD_IRQHandler                           0x080001f3   Thumb Code     0  startup_stm32f10x_md.o(.text)
    RCC_IRQHandler                           0x080001f3   Thumb Code     0  startup_stm32f10x_md.o(.text)
    RTCAlarm_IRQHandler                      0x080001f3   Thumb Code     0  startup_stm32f10x_md.o(.text)
    RTC_IRQHandler                           0x080001f3   Thumb Code     0  startup_stm32f10x_md.o(.text)
    SPI1_IRQHandler                          0x080001f3   Thumb Code     0  startup_stm32f10x_md.o(.text)
    SPI2_IRQHandler                          0x080001f3   Thumb Code     0  startup_stm32f10x_md.o(.text)
    TAMPER_IRQHandler                        0x080001f3   Thumb Code     0  startup_stm32f10x_md.o(.text)
    TIM1_BRK_IRQHandler                      0x080001f3   Thumb Code     0  startup_stm32f10x_md.o(.text)
    TIM1_CC_IRQHandler                       0x080001f3   Thumb Code     0  startup_stm32f10x_md.o(.text)
    TIM1_TRG_COM_IRQHandler                  0x080001f3   Thumb Code     0  startup_stm32f10x_md.o(.text)
    TIM1_UP_IRQHandler                       0x080001f3   Thumb Code     0  startup_stm32f10x_md.o(.text)
    TIM2_IRQHandler                          0x080001f3   Thumb Code     0  startup_stm32f10x_md.o(.text)
    TIM3_IRQHandler                          0x080001f3   Thumb Code     0  startup_stm32f10x_md.o(.text)
    TIM4_IRQHandler                          0x080001f3   Thumb Code     0  startup_stm32f10x_md.o(.text)
    USART1_IRQHandler                        0x080001f3   Thumb Code     0  startup_stm32f10x_md.o(.text)
    USBWakeUp_IRQHandler                     0x080001f3   Thumb Code     0  startup_stm32f10x_md.o(.text)
    USB_HP_CAN1_TX_IRQHandler                0x080001f3   Thumb Code     0  startup_stm32f10x_md.o(.text)
    USB_LP_CAN1_RX0_IRQHandler               0x080001f3   Thumb Code     0  startup_stm32f10x_md.o(.text)
    WWDG_IRQHandler                          0x080001f3   Thumb Code     0  startup_stm32f10x_md.o(.text)
    __user_initial_stackheap                 0x080001f5   Thumb Code     0  startup_stm32f10x_md.o(.text)
    atoi                                     0x08000219   Thumb Code    26  atoi.o(.text)
    __use_two_region_memory                  0x08000233   Thumb Code     2  heapauxi.o(.text)
    __rt_heap_escrow$2region                 0x08000235   Thumb Code     2  heapauxi.o(.text)
    __rt_heap_expand$2region                 0x08000237   Thumb Code     2  heapauxi.o(.text)
    __aeabi_errno_addr                       0x08000239   Thumb Code     8  rt_errno_addr_intlibspace.o(.text)
    __errno$intlibspace                      0x08000239   Thumb Code     0  rt_errno_addr_intlibspace.o(.text)
    __rt_errno_addr$intlibspace              0x08000239   Thumb Code     0  rt_errno_addr_intlibspace.o(.text)
    strtol                                   0x08000241   Thumb Code   112  strtol.o(.text)
    __user_libspace                          0x080002b1   Thumb Code     8  libspace.o(.text)
    __user_perproc_libspace                  0x080002b1   Thumb Code     0  libspace.o(.text)
    __user_perthread_libspace                0x080002b1   Thumb Code     0  libspace.o(.text)
    __rt_ctype_table                         0x080002b9   Thumb Code    16  rt_ctype_table.o(.text)
    _strtoul                                 0x080002c9   Thumb Code   158  _strtoul.o(.text)
    __user_setup_stackheap                   0x08000367   Thumb Code    74  sys_stackheap_outer.o(.text)
    __rt_locale                              0x080003b1   Thumb Code     8  rt_locale_intlibspace.o(.text)
    _chval                                   0x080003b9   Thumb Code    28  _chval.o(.text)
    exit                                     0x080003d5   Thumb Code    18  exit.o(.text)
    strcmp                                   0x080003e9   Thumb Code   128  strcmpv7m.o(.text)
    _sys_exit                                0x08000469   Thumb Code     8  sys_exit.o(.text)
    __I$use$semihosting                      0x08000475   Thumb Code     0  use_no_semi.o(.text)
    __use_no_semihosting_swi                 0x08000475   Thumb Code     2  use_no_semi.o(.text)
    __semihosting_library_function           0x08000477   Thumb Code     0  indicate_semi.o(.text)
    BEEP_GPIO_Configuration                  0x08000479   Thumb Code    46  beep.o(i.BEEP_GPIO_Configuration)
    Change_PageID                            0x080004ad   Thumb Code    34  zhiwen.o(i.Change_PageID)
    Check_PassWord                           0x080004dd   Thumb Code    30  zhiwen.o(i.Check_PassWord)
    ClearAll                                 0x08000509   Thumb Code    18  zhiwen.o(i.ClearAll)
    ClearAll_Finger                          0x0800051d   Thumb Code    30  zhiwen.o(i.ClearAll_Finger)
    DMA1_Channel1_Event                      0x08000549   Thumb Code     2  dma_stm32f10x.o(i.DMA1_Channel1_Event)
    DMA1_Channel1_IRQHandler                 0x0800054d   Thumb Code    22  dma_stm32f10x.o(i.DMA1_Channel1_IRQHandler)
    DMA1_Channel2_Event                      0x08000569   Thumb Code     2  dma_stm32f10x.o(i.DMA1_Channel2_Event)
    DMA1_Channel2_IRQHandler                 0x0800056d   Thumb Code    24  dma_stm32f10x.o(i.DMA1_Channel2_IRQHandler)
    DMA1_Channel3_Event                      0x08000589   Thumb Code     2  dma_stm32f10x.o(i.DMA1_Channel3_Event)
    DMA1_Channel3_IRQHandler                 0x0800058d   Thumb Code    24  dma_stm32f10x.o(i.DMA1_Channel3_IRQHandler)
    DMA1_Channel4_Event                      0x080005a9   Thumb Code     2  dma_stm32f10x.o(i.DMA1_Channel4_Event)
    DMA1_Channel4_IRQHandler                 0x080005ad   Thumb Code    24  dma_stm32f10x.o(i.DMA1_Channel4_IRQHandler)
    DMA1_Channel5_Event                      0x080005c9   Thumb Code     2  dma_stm32f10x.o(i.DMA1_Channel5_Event)
    DMA1_Channel5_IRQHandler                 0x080005cd   Thumb Code    24  dma_stm32f10x.o(i.DMA1_Channel5_IRQHandler)
    DMA1_Channel6_Event                      0x080005e9   Thumb Code     2  dma_stm32f10x.o(i.DMA1_Channel6_Event)
    DMA1_Channel6_IRQHandler                 0x080005ed   Thumb Code    24  dma_stm32f10x.o(i.DMA1_Channel6_IRQHandler)
    DMA1_Channel7_Event                      0x08000609   Thumb Code     2  dma_stm32f10x.o(i.DMA1_Channel7_Event)
    DMA1_Channel7_IRQHandler                 0x0800060d   Thumb Code    24  dma_stm32f10x.o(i.DMA1_Channel7_IRQHandler)
    Delay                                    0x08000629   Thumb Code    12  zhiwen.o(i.Delay)
    Delete_One_Finger                        0x08000635   Thumb Code    36  zhiwen.o(i.Delete_One_Finger)
    Door_GPIO_Configuration                  0x08000669   Thumb Code    44  door.o(i.Door_GPIO_Configuration)
    Enter_FingerPrint                        0x08000699   Thumb Code   316  zhiwen.o(i.Enter_FingerPrint)
    GPIO_Init                                0x08000835   Thumb Code   278  stm32f10x_gpio.o(i.GPIO_Init)
    GPIO_ResetBits                           0x0800094b   Thumb Code     4  stm32f10x_gpio.o(i.GPIO_ResetBits)
    GPIO_SetBits                             0x0800094f   Thumb Code     4  stm32f10x_gpio.o(i.GPIO_SetBits)
    GR_Delet_Finger_Weizhi                   0x08000955   Thumb Code    60  zhiwen.o(i.GR_Delet_Finger_Weizhi)
    GR_Save_Finger_Weizhi                    0x08000995   Thumb Code    56  zhiwen.o(i.GR_Save_Finger_Weizhi)
    IWDG_Enable                              0x080009d1   Thumb Code    10  stm32f10x_iwdg.o(i.IWDG_Enable)
    IWDG_ReloadCounter                       0x080009e1   Thumb Code    10  stm32f10x_iwdg.o(i.IWDG_ReloadCounter)
    IWDG_SetPrescaler                        0x080009f1   Thumb Code     6  stm32f10x_iwdg.o(i.IWDG_SetPrescaler)
    IWDG_SetReload                           0x080009fd   Thumb Code     6  stm32f10x_iwdg.o(i.IWDG_SetReload)
    IWDG_WriteAccessCmd                      0x08000a09   Thumb Code     6  stm32f10x_iwdg.o(i.IWDG_WriteAccessCmd)
    LED_GPIO_Configuration                   0x08000a15   Thumb Code    40  led.o(i.LED_GPIO_Configuration)
    Match_Finger                             0x08000a41   Thumb Code   186  zhiwen.o(i.Match_Finger)
    NVIC_Init                                0x08000b31   Thumb Code   100  misc.o(i.NVIC_Init)
    NVIC_PriorityGroupConfig                 0x08000ba1   Thumb Code    10  misc.o(i.NVIC_PriorityGroupConfig)
    RCC_APB1PeriphClockCmd                   0x08000bb5   Thumb Code    26  stm32f10x_rcc.o(i.RCC_APB1PeriphClockCmd)
    RCC_APB2PeriphClockCmd                   0x08000bd5   Thumb Code    26  stm32f10x_rcc.o(i.RCC_APB2PeriphClockCmd)
    RCC_GetClocksFreq                        0x08000bf5   Thumb Code   192  stm32f10x_rcc.o(i.RCC_GetClocksFreq)
    StringCompare                            0x08000db1   Thumb Code    34  zhiwen.o(i.StringCompare)
    SysTick_Handler                          0x08000dd5   Thumb Code    64  main.o(i.SysTick_Handler)
    SystemInit                               0x08000e1d   Thumb Code    78  system_stm32f10x.o(i.SystemInit)
    USART2_IRQHandler                        0x08000e7d   Thumb Code    88  zhiwen.o(i.USART2_IRQHandler)
    USART3_IRQHandler                        0x08000ee9   Thumb Code    88  zhiwen.o(i.USART3_IRQHandler)
    USART_ClearITPendingBit                  0x08000f55   Thumb Code    30  stm32f10x_usart.o(i.USART_ClearITPendingBit)
    USART_Cmd                                0x08000f73   Thumb Code    24  stm32f10x_usart.o(i.USART_Cmd)
    USART_GetFlagStatus                      0x08000f8b   Thumb Code    26  stm32f10x_usart.o(i.USART_GetFlagStatus)
    USART_GetITStatus                        0x08000fa5   Thumb Code    84  stm32f10x_usart.o(i.USART_GetITStatus)
    USART_ITConfig                           0x08000ff9   Thumb Code    74  stm32f10x_usart.o(i.USART_ITConfig)
    USART_Init                               0x08001045   Thumb Code   210  stm32f10x_usart.o(i.USART_Init)
    USART_ReceiveData                        0x0800111d   Thumb Code    10  stm32f10x_usart.o(i.USART_ReceiveData)
    USART_SendData                           0x08001127   Thumb Code     8  stm32f10x_usart.o(i.USART_SendData)
    Usart2_SendString                        0x08001131   Thumb Code    40  zhiwen.o(i.Usart2_SendString)
    Usart_Init                               0x0800115d   Thumb Code   348  zhiwen.o(i.Usart_Init)
    Usart_SendString                         0x080012c9   Thumb Code    40  zhiwen.o(i.Usart_SendString)
    Watch_Dog_Config                         0x080012f5   Thumb Code    34  watchdog.o(i.Watch_Dog_Config)
    main                                     0x08001319   Thumb Code   270  main.o(i.main)
    mi                                       0x08001459   Thumb Code    22  main.o(i.mi)
    _get_lc_ctype                            0x08001471   Thumb Code    44  lc_ctype_c.o(locale$$code)
    Region$$Table$$Base                      0x0800149c   Number         0  anon$$obj.o(Region$$Table)
    Region$$Table$$Limit                     0x080014bc   Number         0  anon$$obj.o(Region$$Table)
    __ctype                                  0x080014c9   Data           0  lc_ctype_c.o(locale$$data)
    FeedTime                                 0x20000000   Data           4  main.o(.data)
    Chongqi                                  0x20000004   Data           3  main.o(.data)
    Start                                    0x20000007   Data           5  main.o(.data)
    Clearn                                   0x2000000c   Data           5  main.o(.data)
    Ceshi                                    0x20000011   Data          12  main.o(.data)
    PASS_WORD                                0x2000001d   Data           5  main.o(.data)
    DELETE                                   0x20000022   Data           6  main.o(.data)
    Test                                     0x2000002c   Data           4  zhiwen.o(.data)
    Clear_ku                                 0x20000030   Data          12  zhiwen.o(.data)
    Search_ku                                0x2000003c   Data          17  zhiwen.o(.data)
    GR_Get_Img                               0x2000004d   Data          12  zhiwen.o(.data)
    GR_Templete_Num                          0x20000059   Data          12  zhiwen.o(.data)
    GR_Search                                0x20000065   Data          17  zhiwen.o(.data)
    GR_Search_0_9                            0x20000076   Data          17  zhiwen.o(.data)
    GR_Img_To_Buffer1                        0x20000087   Data          13  zhiwen.o(.data)
    GR_Img_To_Buffer2                        0x20000094   Data          13  zhiwen.o(.data)
    GR_Reg_Model                             0x200000a1   Data          12  zhiwen.o(.data)
    GR_Delet_All_Model                       0x200000ad   Data          12  zhiwen.o(.data)
    GR_Save_Finger                           0x200000b9   Data          15  zhiwen.o(.data)
    GR_Delete_Model                          0x200000c8   Data          16  zhiwen.o(.data)
    GR_Chek                                  0x200000d8   Data          16  zhiwen.o(.data)
    Stop_Flag                                0x200000e8   Data           1  zhiwen.o(.data)
    XiaBiao                                  0x200000e9   Data           1  zhiwen.o(.data)
    Length1                                  0x200000ea   Data           1  zhiwen.o(.data)
    Length2                                  0x200000eb   Data           1  zhiwen.o(.data)
    Finger                                   0x200000ec   Data          12  zhiwen.o(.data)
    Gen_Picture                              0x200000f8   Data          12  zhiwen.o(.data)
    Error                                    0x20000104   Data           1  zhiwen.o(.data)
    Right                                    0x20000105   Data           1  zhiwen.o(.data)
    Receive_Ok                               0x20000106   Data           1  zhiwen.o(.data)
    R                                        0x20000107   Data           1  zhiwen.o(.data)
    E                                        0x20000108   Data           1  zhiwen.o(.data)
    Reg_Model                                0x20000109   Data          12  zhiwen.o(.data)
    Store_Finger                             0x20000115   Data          12  zhiwen.o(.data)
    n                                        0x20000121   Data           1  zhiwen.o(.data)
    Computure_Flag                           0x20000122   Data           1  zhiwen.o(.data)
    Match_Flag                               0x20000123   Data           1  zhiwen.o(.data)
    Pass                                     0x20000124   Data           1  zhiwen.o(.data)
    NotPass                                  0x20000125   Data           1  zhiwen.o(.data)
    MATCH                                    0x20000126   Data          10  zhiwen.o(.data)
    TuiChu                                   0x20000130   Data           1  zhiwen.o(.data)
    GG                                       0x20000131   Data           1  zhiwen.o(.data)
    Receive                                  0x20000148   Data         100  zhiwen.o(.bss)
    ComputureCommand                         0x200001ac   Data         100  zhiwen.o(.bss)
    Hex                                      0x20000210   Data         100  zhiwen.o(.bss)
    __libspace_start                         0x20000274   Data          96  libspace.o(.bss)
    __temporary_stack_top$libspace           0x200002d4   Data           0  libspace.o(.bss)



==============================================================================

Memory Map of the image

  Image Entry point : 0x080000ed

  Load Region LR_IROM1 (Base: 0x08000000, Size: 0x00001714, Max: 0x00010000, ABSOLUTE, COMPRESSED[0x00001664])

    Execution Region ER_IROM1 (Exec base: 0x08000000, Load base: 0x08000000, Size: 0x000015cc, Max: 0x00010000, ABSOLUTE)

    Exec Addr    Load Addr    Size         Type   Attr      Idx    E Section Name        Object

    0x08000000   0x08000000   0x000000ec   Data   RO         3071    RESET               startup_stm32f10x_md.o
    0x080000ec   0x080000ec   0x00000008   Code   RO         3128  * !!!main             c_w.l(__main.o)
    0x080000f4   0x080000f4   0x00000034   Code   RO         3310    !!!scatter          c_w.l(__scatter.o)
    0x08000128   0x08000128   0x0000005a   Code   RO         3308    !!dczerorl2         c_w.l(__dczerorl2.o)
    0x08000182   0x08000182   0x00000002   PAD
    0x08000184   0x08000184   0x0000001c   Code   RO         3312    !!handler_zi        c_w.l(__scatter_zi.o)
    0x080001a0   0x080001a0   0x00000002   Code   RO         3179    .ARM.Collect$$libinit$$00000000  c_w.l(libinit.o)
    0x080001a2   0x080001a2   0x00000000   Code   RO         3185    .ARM.Collect$$libinit$$00000002  c_w.l(libinit2.o)
    0x080001a2   0x080001a2   0x00000000   Code   RO         3187    .ARM.Collect$$libinit$$00000004  c_w.l(libinit2.o)
    0x080001a2   0x080001a2   0x00000000   Code   RO         3190    .ARM.Collect$$libinit$$0000000A  c_w.l(libinit2.o)
    0x080001a2   0x080001a2   0x00000000   Code   RO         3192    .ARM.Collect$$libinit$$0000000C  c_w.l(libinit2.o)
    0x080001a2   0x080001a2   0x00000000   Code   RO         3194    .ARM.Collect$$libinit$$0000000E  c_w.l(libinit2.o)
    0x080001a2   0x080001a2   0x00000006   Code   RO         3195    .ARM.Collect$$libinit$$0000000F  c_w.l(libinit2.o)
    0x080001a8   0x080001a8   0x00000000   Code   RO         3197    .ARM.Collect$$libinit$$00000011  c_w.l(libinit2.o)
    0x080001a8   0x080001a8   0x0000000c   Code   RO         3198    .ARM.Collect$$libinit$$00000012  c_w.l(libinit2.o)
    0x080001b4   0x080001b4   0x00000000   Code   RO         3199    .ARM.Collect$$libinit$$00000013  c_w.l(libinit2.o)
    0x080001b4   0x080001b4   0x00000000   Code   RO         3201    .ARM.Collect$$libinit$$00000015  c_w.l(libinit2.o)
    0x080001b4   0x080001b4   0x00000000   Code   RO         3203    .ARM.Collect$$libinit$$00000017  c_w.l(libinit2.o)
    0x080001b4   0x080001b4   0x00000000   Code   RO         3205    .ARM.Collect$$libinit$$00000019  c_w.l(libinit2.o)
    0x080001b4   0x080001b4   0x00000000   Code   RO         3207    .ARM.Collect$$libinit$$0000001B  c_w.l(libinit2.o)
    0x080001b4   0x080001b4   0x00000000   Code   RO         3209    .ARM.Collect$$libinit$$0000001D  c_w.l(libinit2.o)
    0x080001b4   0x080001b4   0x00000000   Code   RO         3211    .ARM.Collect$$libinit$$0000001F  c_w.l(libinit2.o)
    0x080001b4   0x080001b4   0x00000000   Code   RO         3213    .ARM.Collect$$libinit$$00000021  c_w.l(libinit2.o)
    0x080001b4   0x080001b4   0x00000000   Code   RO         3215    .ARM.Collect$$libinit$$00000023  c_w.l(libinit2.o)
    0x080001b4   0x080001b4   0x00000000   Code   RO         3217    .ARM.Collect$$libinit$$00000025  c_w.l(libinit2.o)
    0x080001b4   0x080001b4   0x00000000   Code   RO         3221    .ARM.Collect$$libinit$$0000002C  c_w.l(libinit2.o)
    0x080001b4   0x080001b4   0x00000000   Code   RO         3223    .ARM.Collect$$libinit$$0000002E  c_w.l(libinit2.o)
    0x080001b4   0x080001b4   0x00000000   Code   RO         3225    .ARM.Collect$$libinit$$00000030  c_w.l(libinit2.o)
    0x080001b4   0x080001b4   0x00000000   Code   RO         3227    .ARM.Collect$$libinit$$00000032  c_w.l(libinit2.o)
    0x080001b4   0x080001b4   0x00000002   Code   RO         3228    .ARM.Collect$$libinit$$00000033  c_w.l(libinit2.o)
    0x080001b6   0x080001b6   0x00000002   Code   RO         3248    .ARM.Collect$$libshutdown$$00000000  c_w.l(libshutdown.o)
    0x080001b8   0x080001b8   0x00000000   Code   RO         3261    .ARM.Collect$$libshutdown$$00000002  c_w.l(libshutdown2.o)
    0x080001b8   0x080001b8   0x00000000   Code   RO         3263    .ARM.Collect$$libshutdown$$00000004  c_w.l(libshutdown2.o)
    0x080001b8   0x080001b8   0x00000000   Code   RO         3266    .ARM.Collect$$libshutdown$$00000007  c_w.l(libshutdown2.o)
    0x080001b8   0x080001b8   0x00000000   Code   RO         3269    .ARM.Collect$$libshutdown$$0000000A  c_w.l(libshutdown2.o)
    0x080001b8   0x080001b8   0x00000000   Code   RO         3271    .ARM.Collect$$libshutdown$$0000000C  c_w.l(libshutdown2.o)
    0x080001b8   0x080001b8   0x00000000   Code   RO         3274    .ARM.Collect$$libshutdown$$0000000F  c_w.l(libshutdown2.o)
    0x080001b8   0x080001b8   0x00000002   Code   RO         3275    .ARM.Collect$$libshutdown$$00000010  c_w.l(libshutdown2.o)
    0x080001ba   0x080001ba   0x00000000   Code   RO         3130    .ARM.Collect$$rtentry$$00000000  c_w.l(__rtentry.o)
    0x080001ba   0x080001ba   0x00000000   Code   RO         3142    .ARM.Collect$$rtentry$$00000002  c_w.l(__rtentry2.o)
    0x080001ba   0x080001ba   0x00000006   Code   RO         3154    .ARM.Collect$$rtentry$$00000004  c_w.l(__rtentry4.o)
    0x080001c0   0x080001c0   0x00000000   Code   RO         3144    .ARM.Collect$$rtentry$$00000009  c_w.l(__rtentry2.o)
    0x080001c0   0x080001c0   0x00000004   Code   RO         3145    .ARM.Collect$$rtentry$$0000000A  c_w.l(__rtentry2.o)
    0x080001c4   0x080001c4   0x00000000   Code   RO         3147    .ARM.Collect$$rtentry$$0000000C  c_w.l(__rtentry2.o)
    0x080001c4   0x080001c4   0x00000008   Code   RO         3148    .ARM.Collect$$rtentry$$0000000D  c_w.l(__rtentry2.o)
    0x080001cc   0x080001cc   0x00000002   Code   RO         3180    .ARM.Collect$$rtexit$$00000000  c_w.l(rtexit.o)
    0x080001ce   0x080001ce   0x00000000   Code   RO         3230    .ARM.Collect$$rtexit$$00000002  c_w.l(rtexit2.o)
    0x080001ce   0x080001ce   0x00000004   Code   RO         3231    .ARM.Collect$$rtexit$$00000003  c_w.l(rtexit2.o)
    0x080001d2   0x080001d2   0x00000006   Code   RO         3232    .ARM.Collect$$rtexit$$00000004  c_w.l(rtexit2.o)
    0x080001d8   0x080001d8   0x00000040   Code   RO         3072    .text               startup_stm32f10x_md.o
    0x08000218   0x08000218   0x0000001a   Code   RO         3124    .text               c_w.l(atoi.o)
    0x08000232   0x08000232   0x00000006   Code   RO         3126    .text               c_w.l(heapauxi.o)
    0x08000238   0x08000238   0x00000008   Code   RO         3134    .text               c_w.l(rt_errno_addr_intlibspace.o)
    0x08000240   0x08000240   0x00000070   Code   RO         3136    .text               c_w.l(strtol.o)
    0x080002b0   0x080002b0   0x00000008   Code   RO         3138    .text               c_w.l(libspace.o)
    0x080002b8   0x080002b8   0x00000010   Code   RO         3156    .text               c_w.l(rt_ctype_table.o)
    0x080002c8   0x080002c8   0x0000009e   Code   RO         3158    .text               c_w.l(_strtoul.o)
    0x08000366   0x08000366   0x0000004a   Code   RO         3160    .text               c_w.l(sys_stackheap_outer.o)
    0x080003b0   0x080003b0   0x00000008   Code   RO         3165    .text               c_w.l(rt_locale_intlibspace.o)
    0x080003b8   0x080003b8   0x0000001c   Code   RO         3167    .text               c_w.l(_chval.o)
    0x080003d4   0x080003d4   0x00000012   Code   RO         3172    .text               c_w.l(exit.o)
    0x080003e6   0x080003e6   0x00000002   PAD
    0x080003e8   0x080003e8   0x00000080   Code   RO         3182    .text               c_w.l(strcmpv7m.o)
    0x08000468   0x08000468   0x0000000c   Code   RO         3240    .text               c_w.l(sys_exit.o)
    0x08000474   0x08000474   0x00000002   Code   RO         3251    .text               c_w.l(use_no_semi.o)
    0x08000476   0x08000476   0x00000000   Code   RO         3253    .text               c_w.l(indicate_semi.o)
    0x08000476   0x08000476   0x00000002   PAD
    0x08000478   0x08000478   0x00000034   Code   RO          416    i.BEEP_GPIO_Configuration  beep.o
    0x080004ac   0x080004ac   0x00000030   Code   RO          143    i.Change_PageID     zhiwen.o
    0x080004dc   0x080004dc   0x0000002c   Code   RO          144    i.Check_PassWord    zhiwen.o
    0x08000508   0x08000508   0x00000012   Code   RO          145    i.ClearAll          zhiwen.o
    0x0800051a   0x0800051a   0x00000002   PAD
    0x0800051c   0x0800051c   0x0000002c   Code   RO          146    i.ClearAll_Finger   zhiwen.o
    0x08000548   0x08000548   0x00000002   Code   RO         2874    i.DMA1_Channel1_Event  dma_stm32f10x.o
    0x0800054a   0x0800054a   0x00000002   PAD
    0x0800054c   0x0800054c   0x0000001c   Code   RO         2875    i.DMA1_Channel1_IRQHandler  dma_stm32f10x.o
    0x08000568   0x08000568   0x00000002   Code   RO         2876    i.DMA1_Channel2_Event  dma_stm32f10x.o
    0x0800056a   0x0800056a   0x00000002   PAD
    0x0800056c   0x0800056c   0x0000001c   Code   RO         2877    i.DMA1_Channel2_IRQHandler  dma_stm32f10x.o
    0x08000588   0x08000588   0x00000002   Code   RO         2878    i.DMA1_Channel3_Event  dma_stm32f10x.o
    0x0800058a   0x0800058a   0x00000002   PAD
    0x0800058c   0x0800058c   0x0000001c   Code   RO         2879    i.DMA1_Channel3_IRQHandler  dma_stm32f10x.o
    0x080005a8   0x080005a8   0x00000002   Code   RO         2880    i.DMA1_Channel4_Event  dma_stm32f10x.o
    0x080005aa   0x080005aa   0x00000002   PAD
    0x080005ac   0x080005ac   0x0000001c   Code   RO         2881    i.DMA1_Channel4_IRQHandler  dma_stm32f10x.o
    0x080005c8   0x080005c8   0x00000002   Code   RO         2882    i.DMA1_Channel5_Event  dma_stm32f10x.o
    0x080005ca   0x080005ca   0x00000002   PAD
    0x080005cc   0x080005cc   0x0000001c   Code   RO         2883    i.DMA1_Channel5_IRQHandler  dma_stm32f10x.o
    0x080005e8   0x080005e8   0x00000002   Code   RO         2884    i.DMA1_Channel6_Event  dma_stm32f10x.o
    0x080005ea   0x080005ea   0x00000002   PAD
    0x080005ec   0x080005ec   0x0000001c   Code   RO         2885    i.DMA1_Channel6_IRQHandler  dma_stm32f10x.o
    0x08000608   0x08000608   0x00000002   Code   RO         2886    i.DMA1_Channel7_Event  dma_stm32f10x.o
    0x0800060a   0x0800060a   0x00000002   PAD
    0x0800060c   0x0800060c   0x0000001c   Code   RO         2887    i.DMA1_Channel7_IRQHandler  dma_stm32f10x.o
    0x08000628   0x08000628   0x0000000c   Code   RO          148    i.Delay             zhiwen.o
    0x08000634   0x08000634   0x00000034   Code   RO          149    i.Delete_One_Finger  zhiwen.o
    0x08000668   0x08000668   0x00000030   Code   RO          392    i.Door_GPIO_Configuration  door.o
    0x08000698   0x08000698   0x0000019c   Code   RO          150    i.Enter_FingerPrint  zhiwen.o
    0x08000834   0x08000834   0x00000116   Code   RO         1226    i.GPIO_Init         stm32f10x_gpio.o
    0x0800094a   0x0800094a   0x00000004   Code   RO         1233    i.GPIO_ResetBits    stm32f10x_gpio.o
    0x0800094e   0x0800094e   0x00000004   Code   RO         1234    i.GPIO_SetBits      stm32f10x_gpio.o
    0x08000952   0x08000952   0x00000002   PAD
    0x08000954   0x08000954   0x00000040   Code   RO          151    i.GR_Delet_Finger_Weizhi  zhiwen.o
    0x08000994   0x08000994   0x0000003c   Code   RO          152    i.GR_Save_Finger_Weizhi  zhiwen.o
    0x080009d0   0x080009d0   0x00000010   Code   RO         1562    i.IWDG_Enable       stm32f10x_iwdg.o
    0x080009e0   0x080009e0   0x00000010   Code   RO         1564    i.IWDG_ReloadCounter  stm32f10x_iwdg.o
    0x080009f0   0x080009f0   0x0000000c   Code   RO         1565    i.IWDG_SetPrescaler  stm32f10x_iwdg.o
    0x080009fc   0x080009fc   0x0000000c   Code   RO         1566    i.IWDG_SetReload    stm32f10x_iwdg.o
    0x08000a08   0x08000a08   0x0000000c   Code   RO         1567    i.IWDG_WriteAccessCmd  stm32f10x_iwdg.o
    0x08000a14   0x08000a14   0x0000002c   Code   RO          368    i.LED_GPIO_Configuration  led.o
    0x08000a40   0x08000a40   0x000000f0   Code   RO          153    i.Match_Finger      zhiwen.o
    0x08000b30   0x08000b30   0x00000070   Code   RO          464    i.NVIC_Init         misc.o
    0x08000ba0   0x08000ba0   0x00000014   Code   RO          465    i.NVIC_PriorityGroupConfig  misc.o
    0x08000bb4   0x08000bb4   0x00000020   Code   RO         1690    i.RCC_APB1PeriphClockCmd  stm32f10x_rcc.o
    0x08000bd4   0x08000bd4   0x00000020   Code   RO         1692    i.RCC_APB2PeriphClockCmd  stm32f10x_rcc.o
    0x08000bf4   0x08000bf4   0x000000d4   Code   RO         1700    i.RCC_GetClocksFreq  stm32f10x_rcc.o
    0x08000cc8   0x08000cc8   0x00000008   Code   RO         3079    i.SetSysClock       system_stm32f10x.o
    0x08000cd0   0x08000cd0   0x000000e0   Code   RO         3080    i.SetSysClockTo72   system_stm32f10x.o
    0x08000db0   0x08000db0   0x00000022   Code   RO          154    i.StringCompare     zhiwen.o
    0x08000dd2   0x08000dd2   0x00000002   PAD
    0x08000dd4   0x08000dd4   0x00000048   Code   RO            4    i.SysTick_Handler   main.o
    0x08000e1c   0x08000e1c   0x00000060   Code   RO         3082    i.SystemInit        system_stm32f10x.o
    0x08000e7c   0x08000e7c   0x0000006c   Code   RO          155    i.USART2_IRQHandler  zhiwen.o
    0x08000ee8   0x08000ee8   0x0000006c   Code   RO          156    i.USART3_IRQHandler  zhiwen.o
    0x08000f54   0x08000f54   0x0000001e   Code   RO         2617    i.USART_ClearITPendingBit  stm32f10x_usart.o
    0x08000f72   0x08000f72   0x00000018   Code   RO         2620    i.USART_Cmd         stm32f10x_usart.o
    0x08000f8a   0x08000f8a   0x0000001a   Code   RO         2623    i.USART_GetFlagStatus  stm32f10x_usart.o
    0x08000fa4   0x08000fa4   0x00000054   Code   RO         2624    i.USART_GetITStatus  stm32f10x_usart.o
    0x08000ff8   0x08000ff8   0x0000004a   Code   RO         2626    i.USART_ITConfig    stm32f10x_usart.o
    0x08001042   0x08001042   0x00000002   PAD
    0x08001044   0x08001044   0x000000d8   Code   RO         2627    i.USART_Init        stm32f10x_usart.o
    0x0800111c   0x0800111c   0x0000000a   Code   RO         2634    i.USART_ReceiveData  stm32f10x_usart.o
    0x08001126   0x08001126   0x00000008   Code   RO         2637    i.USART_SendData    stm32f10x_usart.o
    0x0800112e   0x0800112e   0x00000002   PAD
    0x08001130   0x08001130   0x0000002c   Code   RO          157    i.Usart2_SendString  zhiwen.o
    0x0800115c   0x0800115c   0x0000016c   Code   RO          158    i.Usart_Init        zhiwen.o
    0x080012c8   0x080012c8   0x0000002c   Code   RO          159    i.Usart_SendString  zhiwen.o
    0x080012f4   0x080012f4   0x00000022   Code   RO          440    i.Watch_Dog_Config  watchdog.o
    0x08001316   0x08001316   0x00000002   PAD
    0x08001318   0x08001318   0x00000140   Code   RO            5    i.main              main.o
    0x08001458   0x08001458   0x00000016   Code   RO            6    i.mi                main.o
    0x0800146e   0x0800146e   0x00000002   PAD
    0x08001470   0x08001470   0x0000002c   Code   RO         3170    locale$$code        c_w.l(lc_ctype_c.o)
    0x0800149c   0x0800149c   0x00000020   Data   RO         3306    Region$$Table       anon$$obj.o
    0x080014bc   0x080014bc   0x00000110   Data   RO         3169    locale$$data        c_w.l(lc_ctype_c.o)


    Execution Region RW_IRAM1 (Exec base: 0x20000000, Load base: 0x080015cc, Size: 0x000008d8, Max: 0x00005000, ABSOLUTE, COMPRESSED[0x00000098])

    Exec Addr    Load Addr    Size         Type   Attr      Idx    E Section Name        Object

    0x20000000   COMPRESSED   0x00000028   Data   RW            7    .data               main.o
    0x20000028   COMPRESSED   0x0000010a   Data   RW          161    .data               zhiwen.o
    0x20000132   COMPRESSED   0x00000014   Data   RW         1720    .data               stm32f10x_rcc.o
    0x20000146   COMPRESSED   0x00000002   PAD
    0x20000148        -       0x0000012c   Zero   RW          160    .bss                zhiwen.o
    0x20000274        -       0x00000060   Zero   RW         3139    .bss                c_w.l(libspace.o)
    0x200002d4   COMPRESSED   0x00000004   PAD
    0x200002d8        -       0x00000200   Zero   RW         3070    HEAP                startup_stm32f10x_md.o
    0x200004d8        -       0x00000400   Zero   RW         3069    STACK               startup_stm32f10x_md.o


==============================================================================

Image component sizes


      Code (inc. data)   RO Data    RW Data    ZI Data      Debug   Object Name

        52          6          0          0          0        454   beep.o
       210         30          0          0          0       7315   dma_stm32f10x.o
        48          4          0          0          0        454   door.o
        44          4          0          0          0        449   led.o
       414         58          0         40          0     259324   main.o
       132         22          0          0          0       1703   misc.o
        64         26        236          0       1536        804   startup_stm32f10x_md.o
       286          0          0          0          0       3244   stm32f10x_gpio.o
        68         30          0          0          0       2674   stm32f10x_iwdg.o
       276         32          0         20          0       4630   stm32f10x_rcc.o
       472          6          0          0          0       7231   stm32f10x_usart.o
       328         28          0          0          0       1925   system_stm32f10x.o
        34          0          0          0          0        423   watchdog.o
      1696        280          0        266        300      10575   zhiwen.o

    ----------------------------------------------------------------------
      4152        526        268        328       1836     301205   Object Totals
         0          0         32          0          0          0   (incl. Generated)
        28          0          0          2          0          0   (incl. Padding)

    ----------------------------------------------------------------------

      Code (inc. data)   RO Data    RW Data    ZI Data      Debug   Library Member Name

        90          0          0          0          0          0   __dczerorl2.o
         8          0          0          0          0         68   __main.o
         0          0          0          0          0          0   __rtentry.o
        12          0          0          0          0          0   __rtentry2.o
         6          0          0          0          0          0   __rtentry4.o
        52          8          0          0          0          0   __scatter.o
        28          0          0          0          0          0   __scatter_zi.o
        28          0          0          0          0         68   _chval.o
       158          0          0          0          0         92   _strtoul.o
        26          0          0          0          0         80   atoi.o
        18          0          0          0          0         80   exit.o
         6          0          0          0          0        152   heapauxi.o
         0          0          0          0          0          0   indicate_semi.o
        44         10        272          0          0         76   lc_ctype_c.o
         2          0          0          0          0          0   libinit.o
        20          0          0          0          0          0   libinit2.o
         2          0          0          0          0          0   libshutdown.o
         2          0          0          0          0          0   libshutdown2.o
         8          4          0          0         96         68   libspace.o
        16          4          0          0          0         76   rt_ctype_table.o
         8          4          0          0          0         68   rt_errno_addr_intlibspace.o
         8          4          0          0          0         68   rt_locale_intlibspace.o
         2          0          0          0          0          0   rtexit.o
        10          0          0          0          0          0   rtexit2.o
       128          0          0          0          0         68   strcmpv7m.o
       112          0          0          0          0         88   strtol.o
        12          4          0          0          0         68   sys_exit.o
        74          0          0          0          0         80   sys_stackheap_outer.o
         2          0          0          0          0         68   use_no_semi.o

    ----------------------------------------------------------------------
       888         38        272          0        100       1268   Library Totals
         6          0          0          0          4          0   (incl. Padding)

    ----------------------------------------------------------------------

      Code (inc. data)   RO Data    RW Data    ZI Data      Debug   Library Name

       882         38        272          0         96       1268   c_w.l

    ----------------------------------------------------------------------
       888         38        272          0        100       1268   Library Totals

    ----------------------------------------------------------------------

==============================================================================


      Code (inc. data)   RO Data    RW Data    ZI Data      Debug   

      5040        564        540        328       1936     298829   Grand Totals
      5040        564        540        152       1936     298829   ELF Image Totals (compressed)
      5040        564        540        152          0          0   ROM Totals

==============================================================================

    Total RO  Size (Code + RO Data)                 5580 (   5.45kB)
    Total RW  Size (RW Data + ZI Data)              2264 (   2.21kB)
    Total ROM Size (Code + RO Data + RW Data)       5732 (   5.60kB)

==============================================================================

